Archive member included to satisfy reference by file (symbol)

/opt/devkitpro/libnds/lib/libdswifi9.a(dswifi9.o)
                              httpget.o (Wifi_InitDefault)
/opt/devkitpro/libnds/lib/libdswifi9.a(sgIP_DHCP.o)
                              /opt/devkitpro/libnds/lib/libdswifi9.a(dswifi9.o) (gethostid)
/opt/devkitpro/libnds/lib/libdswifi9.a(sgIP_DNS.o)
                              /opt/devkitpro/libnds/lib/libdswifi9.a(sgIP_DHCP.o) (sgIP_DNS_FindDNSRecord)
/opt/devkitpro/libnds/lib/libdswifi9.a(sgIP_sockets.o)
                              httpget.o (socket)
/opt/devkitpro/libnds/lib/libdswifi9.a(wfc.o)
                              /opt/devkitpro/libnds/lib/libdswifi9.a(sgIP_DHCP.o) (sgIP_malloc)
/opt/devkitpro/libnds/lib/libdswifi9.a(wpa.twl.o)
                              /opt/devkitpro/libnds/lib/libdswifi9.a(wfc.o) (_wpaDerivePmk)
/opt/devkitpro/libnds/lib/libdswifi9.a(sgIP.o)
                              /opt/devkitpro/libnds/lib/libdswifi9.a(wfc.o) (sgIP_Init)
/opt/devkitpro/libnds/lib/libdswifi9.a(sgIP_memblock.o)
                              /opt/devkitpro/libnds/lib/libdswifi9.a(sgIP.o) (sgIP_memblock_Init)
/opt/devkitpro/libnds/lib/libdswifi9.a(sgIP_Hub.o)
                              /opt/devkitpro/libnds/lib/libdswifi9.a(sgIP.o) (sgIP_Hub_Init)
/opt/devkitpro/libnds/lib/libdswifi9.a(sgIP_IP.o)
                              /opt/devkitpro/libnds/lib/libdswifi9.a(sgIP.o) (sgIP_IP_ReceivePacket)
/opt/devkitpro/libnds/lib/libdswifi9.a(sgIP_ARP.o)
                              /opt/devkitpro/libnds/lib/libdswifi9.a(sgIP.o) (sgIP_ARP_Init)
/opt/devkitpro/libnds/lib/libdswifi9.a(sgIP_ICMP.o)
                              /opt/devkitpro/libnds/lib/libdswifi9.a(sgIP_IP.o) (sgIP_ICMP_ReceivePacket)
/opt/devkitpro/libnds/lib/libdswifi9.a(sgIP_TCP.o)
                              /opt/devkitpro/libnds/lib/libdswifi9.a(sgIP.o) (sgIP_TCP_Init)
/opt/devkitpro/libnds/lib/libdswifi9.a(sgIP_UDP.o)
                              /opt/devkitpro/libnds/lib/libdswifi9.a(sgIP.o) (sgIP_UDP_Init)
/opt/devkitpro/libnds/lib/libnds9.a(console.o)
                              httpget.o (consoleDemoInit)
/opt/devkitpro/libnds/lib/libnds9.a(keys.o)
                              httpget.o (keysDown)
/opt/devkitpro/libnds/lib/libnds9.a(default_font.bin.o)
                              /opt/devkitpro/libnds/lib/libnds9.a(console.o) (default_font_bin)
/opt/devkitpro/libnds/lib/libnds9.a(background.o)
                              /opt/devkitpro/libnds/lib/libnds9.a(console.o) (bgState)
/opt/devkitpro/libnds/lib/libnds9.a(trig.o)
                              /opt/devkitpro/libnds/lib/libnds9.a(background.o) (sinLerp)
/opt/devkitpro/calico/lib/libcalico_ds9.a(tick.o)
                              /opt/devkitpro/libnds/lib/libdswifi9.a(wfc.o) (tickTaskStart)
/opt/devkitpro/calico/lib/libcalico_ds9.a(thread_cold.o)
                              /opt/devkitpro/libnds/lib/libdswifi9.a(wfc.o) (threadPrepare)
/opt/devkitpro/calico/lib/libcalico_ds9.a(thread_hot.32.o)
                              /opt/devkitpro/libnds/lib/libdswifi9.a(sgIP_DNS.o) (__sched_state)
/opt/devkitpro/calico/lib/libcalico_ds9.a(mutex.o)
                              /opt/devkitpro/libnds/lib/libdswifi9.a(sgIP_DNS.o) (mutexLock)
/opt/devkitpro/calico/lib/libcalico_ds9.a(mailbox.o)
                              /opt/devkitpro/libnds/lib/libdswifi9.a(wfc.o) (mailboxTrySend)
/opt/devkitpro/calico/lib/libcalico_ds9.a(newlib_syscalls.o)
                              /opt/devkitpro/libnds/lib/libdswifi9.a(sgIP_DHCP.o) (__errno)
/opt/devkitpro/calico/lib/libcalico_ds9.a(arm-copy-fill.32.o)
                              /opt/devkitpro/calico/lib/libcalico_ds9.a(thread_cold.o) (armCopyMem32)
/opt/devkitpro/calico/lib/libcalico_ds9.a(arm-context.32.o)
                              /opt/devkitpro/calico/lib/libcalico_ds9.a(thread_cold.o) (armContextSave)
/opt/devkitpro/calico/lib/libcalico_ds9.a(arm-shims.32.o)
                              /opt/devkitpro/calico/lib/libcalico_ds9.a(thread_cold.o) (armWaitForIrq)
/opt/devkitpro/calico/lib/libcalico_ds9.a(startup.crt0.o)
                              /opt/devkitpro/libnds/lib/libdswifi9.a(wfc.o) (g_isTwlMode)
/opt/devkitpro/calico/lib/libcalico_ds9.a(utils.crt0.o)
                              /opt/devkitpro/calico/lib/libcalico_ds9.a(startup.crt0.o) (crt0CopyMem32)
/opt/devkitpro/calico/lib/libcalico_ds9.a(bios.o)
                              /opt/devkitpro/libnds/lib/libdswifi9.a(wfc.o) (svcGetCRC16)
/opt/devkitpro/calico/lib/libcalico_ds9.a(bios.twl.o)
                              /opt/devkitpro/libnds/lib/libdswifi9.a(wpa.twl.o) (svcSha1InitTWL)
/opt/devkitpro/calico/lib/libcalico_ds9.a(pxi.o)
                              /opt/devkitpro/calico/lib/libcalico_ds9.a(startup.crt0.o) (_pxiInit)
/opt/devkitpro/calico/lib/libcalico_ds9.a(keypad.o)
                              /opt/devkitpro/libnds/lib/libnds9.a(keys.o) (keypadGetState)
/opt/devkitpro/calico/lib/libcalico_ds9.a(pm.o)
[...]
Memory Configuration

Name             Origin             Length             Attributes
lma9             0x02004000         0x0027c000
lma9i            0x02400000         0x00280000
vectors          0x00000000         0x00000020
itcm             0x01ff8020         0x00007fe0
main             0x02001000         0x00f7f000
dtcm             0x02ff0000         0x00003e80
dldi             0x0380b000         0x00004000
stub             0x0e000000         0x00004000
tls              0x00000000         0x00000400
*default*        0x00000000         0xffffffff

Linker script and memory map

                0x00000000                        __sync_synchronize = __sync_synchronize_none
LOAD /opt/devkitpro/devkitARM/bin/../lib/gcc/arm-none-eabi/14.2.0/thumb/crti.o
LOAD /opt/devkitpro/devkitARM/bin/../lib/gcc/arm-none-eabi/14.2.0/thumb/crtbegin.o
LOAD httpget.o
LOAD /opt/devkitpro/libnds/lib/libdswifi9.a
LOAD /opt/devkitpro/libnds/lib/libnds9.a
LOAD /opt/devkitpro/calico/lib/libcalico_ds9.a
START GROUP
LOAD /opt/devkitpro/devkitARM/bin/../lib/gcc/arm-none-eabi/14.2.0/thumb/libgcc.a
LOAD /opt/devkitpro/devkitARM/bin/../lib/gcc/arm-none-eabi/14.2.0/../../../../arm-none-eabi/lib/thumb/libg.a
LOAD /opt/devkitpro/devkitARM/bin/../lib/gcc/arm-none-eabi/14.2.0/../../../../arm-none-eabi/lib/thumb/libc.a
LOAD /opt/devkitpro/devkitARM/bin/../lib/gcc/arm-none-eabi/14.2.0/../../../../arm-none-eabi/lib/thumb/libsysbase.a
END GROUP
LOAD /opt/devkitpro/devkitARM/bin/../lib/gcc/arm-none-eabi/14.2.0/thumb/crtend.o
LOAD /opt/devkitpro/devkitARM/bin/../lib/gcc/arm-none-eabi/14.2.0/thumb/crtn.o
                0x02ff3e80                        PROVIDE (__sp_usr = (ORIGIN (dtcm) + LENGTH (dtcm)))
                0x02ff3f80                        PROVIDE (__sp_irq = (__sp_usr + 0x100))
                0x02ff3fc0                        PROVIDE (__sp_svc = (__sp_irq + 0x40))
                0x02ff3ff8                        PROVIDE (__irq_flags = (__sp_svc + 0x38))
                [!provide]                        PROVIDE (__irq_vector = (__sp_svc + 0x3c))
                [!provide]                        PROVIDE (__arm_excpt_rst = 0xffff0000)
                [!provide]                        PROVIDE (__arm_excpt_und = 0xffff0004)
                0xffff0008                        PROVIDE (__arm_excpt_svc = 0xffff0008)
                [!provide]                        PROVIDE (__arm_excpt_pabt = 0xffff000c)
                [!provide]                        PROVIDE (__arm_excpt_dabt = 0xffff0010)
                [!provide]                        PROVIDE (__arm_excpt_irq = 0xffff0018)
                [!provide]                        PROVIDE (__arm_excpt_fiq = 0xffff001c)
                0x00000000                        PROVIDE (__end__ = 0x0)

.secure         0x0e000000      0x800 load address 0x02004000
                0x0e0007fc                        . = (. + 0x7fc)
 *fill*         0x0e000000      0x7fc 00000000
                0x0e0007fc        0x4 LONG 0x0

.bootstub       0x0e000800      0x190 load address 0x02004800
 *(.bootstub .bootstub.*)
 .bootstub.__ds9_bootstub
                0x0e000800      0x190 /opt/devkitpro/calico/lib/libcalico_ds9.a(bootstub_arm9.o)
                0x0e000800                __ds9_bootstub
                0x0e000990                        . = ALIGN (0x4)

.crt0           0x02001000      0x360 load address 0x02004990
 *(.crt0 .crt0.*)
 .crt0.__ds9_bootstub_trampoline
                0x02001000       0x20 /opt/devkitpro/calico/lib/libcalico_ds9.a(bootstub_arm9.o)
 *.crt0.*(.text .stub .text.* .gnu.linkonce.t.*)
 .text.crt0ProcessLoadList
                0x02001020       0x74 /opt/devkitpro/calico/lib/libcalico_ds9.a(startup.crt0.o)
                0x02001020                crt0ProcessLoadList
 .text.crt0Startup
                0x02001094      0x150 /opt/devkitpro/calico/lib/libcalico_ds9.a(startup.crt0.o)
                0x02001094                crt0Startup
 .text.crt0CopyMem32
                0x020011e4       0x4c /opt/devkitpro/calico/lib/libcalico_ds9.a(utils.crt0.o)
                0x020011e4                crt0CopyMem32
 .text.crt0FillMem32
                0x02001230       0x58 /opt/devkitpro/calico/lib/libcalico_ds9.a(utils.crt0.o)
                0x02001230                crt0FillMem32
 .text.crt0SetupMPU
                0x02001288       0xb4 /opt/devkitpro/calico/lib/libcalico_ds9.a(mpu_setup.crt0.o)
                0x02001288                crt0SetupMPU
 *fill*         0x0200133c        0x4 ff
 .text.crt0SetupMPU.__stub
                0x02001340        0x8 linker stubs
 *.crt0.*(.glue_7t .glue_7 .vfp11_veneer .v4_bx)
 *.crt0.*(.rodata .rodata.* .gnu.linkonce.r.*)
 *.crt0.*(.rodata1)
                0x02001360                        . = ALIGN (0x20)
 *fill*         0x02001348       0x18 ff
                0x02004990                        PROVIDE (__crt0_lma = LOADADDR (.crt0))
                0x02001000                        PROVIDE (__crt0_start = ADDR (.crt0))
                0x02001360                        PROVIDE (__crt0_end = (ADDR (.crt0) + SIZEOF (.crt0)))
                0x00000001                        ASSERT (((__crt0_end <= LOADADDR (.bootstub)) || (__crt0_start >= (LOADADDR (.bootstub) + SIZEOF (.bootstub)))), Error: crt0 section overlaps initial bootstrap)

.dldi           0x0380b000        0x0 load address 0x02004cf0
 *(.dldi)
                0x00000000                        PROVIDE (__dldi_lma = SIZEOF (.dldi)?LOADADDR (.dldi):0x0)

.vectors        0x00000000       0x20 load address 0x02004cf0
 *(.vectors)
 .vectors       0x00000000       0x20 /opt/devkitpro/calico/lib/libcalico_ds9.a(bootstub_arm9.o)

.itcm           0x01ff8020      0x8b0 load address 0x02004d10
 *(.itcm .itcm.*)
 .itcm          0x01ff8020       0x30 /opt/devkitpro/calico/lib/libcalico_ds9.a(bootstub_arm9.o)
                0x01ff8038                __excpt_vectors
 *.itcm.*(.text .stub .text.* .gnu.linkonce.t.*)
 *.32.o(.text .stub .text.* .gnu.linkonce.t.*)
 .text.threadReschedule
                0x01ff8050       0x88 /opt/devkitpro/calico/lib/libcalico_ds9.a(thread_hot.32.o)
 .text.threadBlock
                0x01ff80d8       0xd4 /opt/devkitpro/calico/lib/libcalico_ds9.a(thread_hot.32.o)
                0x01ff80d8                threadBlock
 .text.threadUnblockOneByValue
                0x01ff81ac       0xc0 /opt/devkitpro/calico/lib/libcalico_ds9.a(thread_hot.32.o)
                0x01ff81ac                threadUnblockOneByValue
 .text.threadUnblockAllByValue
                0x01ff826c      0x144 /opt/devkitpro/calico/lib/libcalico_ds9.a(thread_hot.32.o)
                0x01ff826c                threadUnblockAllByValue
 .text.threadUnblockAllByMask
                0x01ff83b0      0x134 /opt/devkitpro/calico/lib/libcalico_ds9.a(thread_hot.32.o)
                0x01ff83b0                threadUnblockAllByMask
 .text.armCopyMem32
                0x01ff84e4       0x4c /opt/devkitpro/calico/lib/libcalico_ds9.a(arm-copy-fill.32.o)
                0x01ff84e4                armCopyMem32
 .text.armFillMem32
                0x01ff8530       0x58 /opt/devkitpro/calico/lib/libcalico_ds9.a(arm-copy-fill.32.o)
                0x01ff8530                armFillMem32
 .text.armContextSave
                0x01ff8588       0x2c /opt/devkitpro/calico/lib/libcalico_ds9.a(arm-context.32.o)
                0x01ff8588                armContextSave
 .text.armContextLoad
                0x01ff85b4       0x20 /opt/devkitpro/calico/lib/libcalico_ds9.a(arm-context.32.o)
                0x01ff85b4                armContextLoad
                0x01ff85b8                armContextLoadFromSvc
 .text.armWaitForIrq
                0x01ff85d4        0x8 /opt/devkitpro/calico/lib/libcalico_ds9.a(arm-shims.32.o)
                0x01ff85d4                armWaitForIrq
 .text.__excpt_entry
                0x01ff85dc       0x50 /opt/devkitpro/calico/lib/libcalico_ds9.a(excpt_handler.32.o)
                0x01ff85dc                __arm_excpt_rst
                0x01ff85e0                __arm_excpt_pabt
                0x01ff85e4                __arm_excpt_und
                0x01ff85f0                __arm_excpt_dabt
 .text.armDrainWriteBuffer
                0x01ff862c        0xc /opt/devkitpro/calico/lib/libcalico_ds9.a(arm-cache.32.o)
                0x01ff862c                armDrainWriteBuffer
 .text.armDCacheFlushAll
                0x01ff8638       0x28 /opt/devkitpro/calico/lib/libcalico_ds9.a(arm-cache.32.o)
                0x01ff8638                armDCacheFlushAll
 .text.armDCacheFlush
                0x01ff8660       0x1c /opt/devkitpro/calico/lib/libcalico_ds9.a(arm-cache.32.o)
                0x01ff8660                armDCacheFlush
 .text.armDCacheInvalidate
                0x01ff867c       0x1c /opt/devkitpro/calico/lib/libcalico_ds9.a(arm-cache.32.o)
                0x01ff867c                armDCacheInvalidate
 .text.armICacheInvalidateAll
                0x01ff8698        0xc /opt/devkitpro/calico/lib/libcalico_ds9.a(arm-cache.32.o)
                0x01ff8698                armICacheInvalidateAll
 .text.__arm_excpt_irq
                0x01ff86a4       0xe4 /opt/devkitpro/calico/lib/libcalico_ds9.a(irq_handler.32.o)
                0x01ff86a4                __arm_excpt_irq
 .text.smutexLock
                0x01ff8788       0xc0 /opt/devkitpro/calico/lib/libcalico_ds9.a(smutex.32.o)
                0x01ff8788                smutexLock
 .text.smutexUnlock
                0x01ff8848       0x88 /opt/devkitpro/calico/lib/libcalico_ds9.a(smutex.32.o)
                0x01ff8848                smutexUnlock
 *.itcm.*(.glue_7t .glue_7 .vfp11_veneer .v4_bx)
 *.32.o(.glue_7t .glue_7 .vfp11_veneer .v4_bx)
 *.itcm.*(.rodata .rodata.* .gnu.linkonce.r.*)
 *.32.o(.rodata .rodata.* .gnu.linkonce.r.*)
 *.itcm.*(.rodata1)
 *.32.o(.rodata1)
                0x01ff88d0                        . = ALIGN (0x4)
                0x02004cf0                        PROVIDE (__itcm_lma = LOADADDR (.vectors))
                0x01ff8000                        PROVIDE (__itcm_start = (ADDR (.itcm) - SIZEOF (.vectors)))
                0x01ff88d0                        PROVIDE (__itcm_end = (ADDR (.itcm) + SIZEOF (.itcm)))
                0x00000001                        ASSERT (((__itcm_lma + SIZEOF (.vectors)) == LOADADDR (.itcm)), Error: gap between vectors and itcm)

.dtcm           0x02ff0000        0x0 load address 0x020055c0
 *(.dtcm .dtcm.*)
 *.32.o(.data .data.* .gnu.linkonce.d.*)
 *.32.o(.data1)
                0x02ff0000                        . = ALIGN (0x4)
                [!provide]                        PROVIDE (__dtcm_lma = LOADADDR (.dtcm))
                0x02ff0000                        PROVIDE (__dtcm_start = ADDR (.dtcm))
                0x02ff0000                        PROVIDE (__dtcm_end = (ADDR (.dtcm) + SIZEOF (.dtcm)))

.dtcm.bss       0x02ff0000       0xa0 load address 0x020055c0
 *(.sbss .sbss.*)
 *.32.o(.dynbss)
 *.32.o(.bss .bss.* .gnu.linkonce.b.*)
 .bss.__irq_table
                0x02ff0000       0x80 /opt/devkitpro/calico/lib/libcalico_ds9.a(thread_hot.32.o)
                0x02ff0000                __irq_table
 .bss.__sched_state
                0x02ff0080       0x18 /opt/devkitpro/calico/lib/libcalico_ds9.a(thread_hot.32.o)
                0x02ff0080                __sched_state
 .bss.s_smutexWaitList
                0x02ff0098        0x8 /opt/devkitpro/calico/lib/libcalico_ds9.a(smutex.32.o)
 *.32.o(COMMON)
                0x02ff00a0                        . = ALIGN (0x4)
                [!provide]                        PROVIDE (__dtcm_bss_start = ADDR (.dtcm.bss))
                0x02ff00a0                        PROVIDE (__dtcm_bss_end = (ADDR (.dtcm.bss) + SIZEOF (.dtcm.bss)))

.main           0x02001360    0x15204 load address 0x020055c0
 *(SORT_NONE(.init))
 .init          0x02001360        0x4 /opt/devkitpro/devkitARM/bin/../lib/gcc/arm-none-eabi/14.2.0/thumb/crti.o
                0x02001360                _init
 .init          0x02001364        0x8 /opt/devkitpro/devkitARM/bin/../lib/gcc/arm-none-eabi/14.2.0/thumb/crtn.o
 EXCLUDE_FILE(*.twl.*) *(.text.unlikely .text.*_unlikely .text.unlikely.*)
 EXCLUDE_FILE(*.twl.*) *(.text.exit .text.exit.*)
 .text.exit     0x0200136c       0x24 /opt/devkitpro/devkitARM/bin/../lib/gcc/arm-none-eabi/14.2.0/../../../../arm-none-eabi/lib/thumb/libg.a(libc_a-exit.o)
                0x0200136c                exit
 EXCLUDE_FILE(*.twl.*) *(.text.startup .text.startup.*)
 .text.startup.main
                0x02001390       0x64 httpget.o
                0x02001390                main
 EXCLUDE_FILE(*.twl.*) *(.text.hot .text.hot.*)
 EXCLUDE_FILE(*.twl.*) *(.text .iplt .stub .text.* .gnu.linkonce.t.*)
 .text.__do_global_dtors_aux
                0x020013f4       0x2c /opt/devkitpro/devkitARM/bin/../lib/gcc/arm-none-eabi/14.2.0/thumb/crtbegin.o
 .text.frame_dummy
                0x02001420       0x24 /opt/devkitpro/devkitARM/bin/../lib/gcc/arm-none-eabi/14.2.0/thumb/crtbegin.o
 .iplt          0x02001444        0x0 /opt/devkitpro/devkitARM/bin/../lib/gcc/arm-none-eabi/14.2.0/thumb/crtbegin.o
 .text.getHttp  0x02001444       0xb8 httpget.o
                0x02001444                getHttp
 .text.Wifi_InitDefault
                0x020014fc       0x70 /opt/devkitpro/libnds/lib/libdswifi9.a(dswifi9.o)
                0x020014fc                Wifi_InitDefault
 .text.sgIP_DHCP_Init
                0x0200156c       0x6c /opt/devkitpro/libnds/lib/libdswifi9.a(sgIP_DHCP.o)
                0x0200156c                sgIP_DHCP_Init
 .text.sgIP_DHCP_SendDgram
                0x020015d8       0xa0 /opt/devkitpro/libnds/lib/libdswifi9.a(sgIP_DHCP.o)
                0x020015d8                sgIP_DHCP_SendDgram
 .text.sgIP_DHCP_BeginDgram
                0x02001678      0x28c /opt/devkitpro/libnds/lib/libdswifi9.a(sgIP_DHCP.o)
                0x02001678                sgIP_DHCP_BeginDgram
 .text.sgIP_DHCP_Start
                0x02001904      0x15c /opt/devkitpro/libnds/lib/libdswifi9.a(sgIP_DHCP.o)
                0x02001904                sgIP_DHCP_Start
 .text.sgIP_DHCP_Update
                0x02001a60      0x550 /opt/devkitpro/libnds/lib/libdswifi9.a(sgIP_DHCP.o)
                0x02001a60                sgIP_DHCP_Update
 .text.sgIP_ntoa
                0x02001fb0       0xbc /opt/devkitpro/libnds/lib/libdswifi9.a(sgIP_DNS.o)
 .text.sgIP_DNS_Init
                0x0200206c       0x44 /opt/devkitpro/libnds/lib/libdswifi9.a(sgIP_DNS.o)
                0x0200206c                sgIP_DNS_Init
 .text.sgIP_DNS_Timer1000ms
                0x020020b0       0x5c /opt/devkitpro/libnds/lib/libdswifi9.a(sgIP_DNS.o)
                0x020020b0                sgIP_DNS_Timer1000ms
 .text.sgIP_DNS_isipaddress
                0x0200210c      0x2b4 /opt/devkitpro/libnds/lib/libdswifi9.a(sgIP_DNS.o)
                0x0200210c                sgIP_DNS_isipaddress
 .text.sgIP_DNS_FindDNSRecord
                0x020023c0      0x20c /opt/devkitpro/libnds/lib/libdswifi9.a(sgIP_DNS.o)
                0x020023c0                sgIP_DNS_FindDNSRecord
 .text.sgIP_DNS_GetUnusedRecord
                0x020025cc      0x11c /opt/devkitpro/libnds/lib/libdswifi9.a(sgIP_DNS.o)
                0x020025cc                sgIP_DNS_GetUnusedRecord
 .text.sgIP_DNS_GenerateHostent
                0x020026e8      0x120 /opt/devkitpro/libnds/lib/libdswifi9.a(sgIP_DNS.o)
                0x020026e8                sgIP_DNS_GenerateHostent
 .text.sgIP_DNS_CopyAliasAt
                0x02002808       0xa4 /opt/devkitpro/libnds/lib/libdswifi9.a(sgIP_DNS.o)
                0x02002808                sgIP_DNS_CopyAliasAt
 .text.sgIP_DNS_gethostbyname
                0x020028ac      0x6bc /opt/devkitpro/libnds/lib/libdswifi9.a(sgIP_DNS.o)
                0x020028ac                sgIP_DNS_gethostbyname
 .text.sgIP_sockets_Init
                0x02002f68       0x24 /opt/devkitpro/libnds/lib/libdswifi9.a(sgIP_sockets.o)
                0x02002f68                sgIP_sockets_Init
 .text.socket   0x02002f8c      0x140 /opt/devkitpro/libnds/lib/libdswifi9.a(sgIP_sockets.o)
                0x02002f8c                socket
 .text.forceclosesocket
                0x020030cc      0x100 /opt/devkitpro/libnds/lib/libdswifi9.a(sgIP_sockets.o)
                0x020030cc                forceclosesocket
 .text.sgIP_sockets_Timer1000ms
                0x020031cc       0xd8 /opt/devkitpro/libnds/lib/libdswifi9.a(sgIP_sockets.o)
                0x020031cc                sgIP_sockets_Timer1000ms
 .text.bind     0x020032a4      0x100 /opt/devkitpro/libnds/lib/libdswifi9.a(sgIP_sockets.o)
                0x020032a4                bind
 .text.connect  0x020033a4      0x1a8 /opt/devkitpro/libnds/lib/libdswifi9.a(sgIP_sockets.o)
                0x020033a4                connect
 .text.send     0x0200354c      0x190 /opt/devkitpro/libnds/lib/libdswifi9.a(sgIP_sockets.o)
                0x0200354c                send
 .text.recv     0x020036dc      0x190 /opt/devkitpro/libnds/lib/libdswifi9.a(sgIP_sockets.o)
                0x020036dc                recv
 .text.sendto   0x0200386c      0x134 /opt/devkitpro/libnds/lib/libdswifi9.a(sgIP_sockets.o)
                0x0200386c                sendto
 .text.recvfrom
                0x020039a0      0x1b4 /opt/devkitpro/libnds/lib/libdswifi9.a(sgIP_sockets.o)
                0x020039a0                recvfrom
 .text.shutdown
                0x02003b54       0xe8 /opt/devkitpro/libnds/lib/libdswifi9.a(sgIP_sockets.o)
                0x02003b54                shutdown
 .text.closesocket
                0x02003c3c      0x158 /opt/devkitpro/libnds/lib/libdswifi9.a(sgIP_sockets.o)
                0x02003c3c                closesocket
 .text.ioctl    0x02003d94      0x1a0 /opt/devkitpro/libnds/lib/libdswifi9.a(sgIP_sockets.o)
                0x02003d94                ioctl
 .text.gethostbyname
                0x02003f34        0x4 /opt/devkitpro/libnds/lib/libdswifi9.a(sgIP_sockets.o)
                0x02003f34                gethostbyname
 .text._wfcRecv
                0x02003f38       0xc0 /opt/devkitpro/libnds/lib/libdswifi9.a(wfc.o)
 .text._wfcIPThreadMain
                0x02003ff8      0x114 /opt/devkitpro/libnds/lib/libdswifi9.a(wfc.o)
 .text._wfcSend
                0x0200410c       0x80 /opt/devkitpro/libnds/lib/libdswifi9.a(wfc.o)
 .text._wfcIPTimerTask
                0x0200418c       0x20 /opt/devkitpro/libnds/lib/libdswifi9.a(wfc.o)
 .text._wfcOnEvent.part.0
                0x020041ac      0x478 /opt/devkitpro/libnds/lib/libdswifi9.a(wfc.o)
 .text._wfcOnEvent
                0x02004624       0x4c /opt/devkitpro/libnds/lib/libdswifi9.a(wfc.o)
 .text.sgIP_malloc
                0x02004670        0xc /opt/devkitpro/libnds/lib/libdswifi9.a(wfc.o)
                0x02004670                sgIP_malloc
 .text.sgIP_free
                0x0200467c        0x4 /opt/devkitpro/libnds/lib/libdswifi9.a(wfc.o)
                0x0200467c                sgIP_free
 .text.sgIP_IntrWaitEvent
                0x02004680       0x10 /opt/devkitpro/libnds/lib/libdswifi9.a(wfc.o)
                0x02004680                sgIP_IntrWaitEvent
 .text.wfcInit  0x02004690       0x98 /opt/devkitpro/libnds/lib/libdswifi9.a(wfc.o)
                0x02004690                wfcInit
 .text.wfcLoadSlotEx
                0x02004728       0x64 /opt/devkitpro/libnds/lib/libdswifi9.a(wfc.o)
                0x02004728                wfcLoadSlotEx
 .text.wfcLoadFromNvram
                0x0200478c      0x194 /opt/devkitpro/libnds/lib/libdswifi9.a(wfc.o)
                0x0200478c                wfcLoadFromNvram
 .text.wfcBeginAutoConnect
                0x02004920       0x60 /opt/devkitpro/libnds/lib/libdswifi9.a(wfc.o)
                0x02004920                wfcBeginAutoConnect
 .text.wfcGetStatus
                0x02004980       0x54 /opt/devkitpro/libnds/lib/libdswifi9.a(wfc.o)
                0x02004980                wfcGetStatus
 .text.sgIP_Init
                0x020049d4       0x4c /opt/devkitpro/libnds/lib/libdswifi9.a(sgIP.o)
                0x020049d4                sgIP_Init
 .text.sgIP_Timer
                0x02004a20       0x88 /opt/devkitpro/libnds/lib/libdswifi9.a(sgIP.o)
                0x02004a20                sgIP_Timer
 .text.sgIP_memblock_Init
                0x02004aa8        0x4 /opt/devkitpro/libnds/lib/libdswifi9.a(sgIP_memblock.o)
                0x02004aa8                sgIP_memblock_Init
 .text.sgIP_memblock_alloc
                0x02004aac       0x34 /opt/devkitpro/libnds/lib/libdswifi9.a(sgIP_memblock.o)
                0x02004aac                sgIP_memblock_alloc
 .text.sgIP_memblock_free
                0x02004ae0       0xa0 /opt/devkitpro/libnds/lib/libdswifi9.a(sgIP_memblock.o)
                0x02004ae0                sgIP_memblock_free
 .text.sgIP_memblock_exposeheader
                0x02004b80       0x48 /opt/devkitpro/libnds/lib/libdswifi9.a(sgIP_memblock.o)
                0x02004b80                sgIP_memblock_exposeheader
 .text.sgIP_memblock_trimsize
                0x02004bc8       0x5c /opt/devkitpro/libnds/lib/libdswifi9.a(sgIP_memblock.o)
                0x02004bc8                sgIP_memblock_trimsize
 .text.sgIP_memblock_IPChecksum
                0x02004c24      0x170 /opt/devkitpro/libnds/lib/libdswifi9.a(sgIP_memblock.o)
                0x02004c24                sgIP_memblock_IPChecksum
 .text.sgIP_memblock_CopyToLinear
                0x02004d94       0xa8 /opt/devkitpro/libnds/lib/libdswifi9.a(sgIP_memblock.o)
                0x02004d94                sgIP_memblock_CopyToLinear
 .text.sgIP_memblock_CopyFromLinear
                0x02004e3c       0xa8 /opt/devkitpro/libnds/lib/libdswifi9.a(sgIP_memblock.o)
                0x02004e3c                sgIP_memblock_CopyFromLinear
 .text.sgIP_Hub_Init
                0x02004ee4       0x20 /opt/devkitpro/libnds/lib/libdswifi9.a(sgIP_Hub.o)
                0x02004ee4                sgIP_Hub_Init
 .text.sgIP_Hub_AddProtocolInterface
                0x02004f04       0x6c /opt/devkitpro/libnds/lib/libdswifi9.a(sgIP_Hub.o)
                0x02004f04                sgIP_Hub_AddProtocolInterface
 .text.sgIP_Hub_AddHardwareInterface
                0x02004f70       0x68 /opt/devkitpro/libnds/lib/libdswifi9.a(sgIP_Hub.o)
                0x02004f70                sgIP_Hub_AddHardwareInterface
 .text.sgIP_Hub_ReceiveHardwarePacket
                0x02004fd8       0x94 /opt/devkitpro/libnds/lib/libdswifi9.a(sgIP_Hub.o)
                0x02004fd8                sgIP_Hub_ReceiveHardwarePacket
 .text.sgIP_Hub_SendProtocolPacket
                0x0200506c       0x78 /opt/devkitpro/libnds/lib/libdswifi9.a(sgIP_Hub.o)
                0x0200506c                sgIP_Hub_SendProtocolPacket
 .text.sgIP_Hub_SendRawPacket
                0x020050e4       0x3c /opt/devkitpro/libnds/lib/libdswifi9.a(sgIP_Hub.o)
                0x020050e4                sgIP_Hub_SendRawPacket
 .text.sgIP_Hub_IPMaxMessageSize
                0x02005120        0xc /opt/devkitpro/libnds/lib/libdswifi9.a(sgIP_Hub.o)
                0x02005120                sgIP_Hub_IPMaxMessageSize
 .text.sgIP_Hub_GetCompatibleIP
                0x0200512c       0x18 /opt/devkitpro/libnds/lib/libdswifi9.a(sgIP_Hub.o)
                0x0200512c                sgIP_Hub_GetCompatibleIP
 .text.sgIP_Hub_GetDefaultInterface
                0x02005144       0x18 /opt/devkitpro/libnds/lib/libdswifi9.a(sgIP_Hub.o)
                0x02005144                sgIP_Hub_GetDefaultInterface
 .text.sgIP_IP_ReceivePacket
                0x0200515c       0xfc /opt/devkitpro/libnds/lib/libdswifi9.a(sgIP_IP.o)
                0x0200515c                sgIP_IP_ReceivePacket
 .text.sgIP_IP_MaxContentsSize
                0x02005258       0x10 /opt/devkitpro/libnds/lib/libdswifi9.a(sgIP_IP.o)
                0x02005258                sgIP_IP_MaxContentsSize
 .text.sgIP_IP_RequiredHeaderSize
                0x02005268        0x8 /opt/devkitpro/libnds/lib/libdswifi9.a(sgIP_IP.o)
                0x02005268                sgIP_IP_RequiredHeaderSize
 .text.sgIP_IP_SendViaIP
                0x02005270       0xc8 /opt/devkitpro/libnds/lib/libdswifi9.a(sgIP_IP.o)
                0x02005270                sgIP_IP_SendViaIP
 .text.sgIP_IP_GetLocalBindAddr
                0x02005338       0x10 /opt/devkitpro/libnds/lib/libdswifi9.a(sgIP_IP.o)
                0x02005338                sgIP_IP_GetLocalBindAddr
 .text.sgIP_GetArpSlot
                0x02005348       0x7c /opt/devkitpro/libnds/lib/libdswifi9.a(sgIP_ARP.o)
                0x02005348                sgIP_GetArpSlot
 .text.sgIP_ARP_Init
                0x020053c4       0x2c /opt/devkitpro/libnds/lib/libdswifi9.a(sgIP_ARP.o)
                0x020053c4                sgIP_ARP_Init
 .text.sgIP_ARP_SendARPResponse
                0x020053f0      0x15c /opt/devkitpro/libnds/lib/libdswifi9.a(sgIP_ARP.o)
                0x020053f0                sgIP_ARP_SendARPResponse
 .text.sgIP_ARP_SendGratARP
                0x0200554c      0x158 /opt/devkitpro/libnds/lib/libdswifi9.a(sgIP_ARP.o)
                0x0200554c                sgIP_ARP_SendGratARP
 .text.sgIP_ARP_SendARPRequest
                0x020056a4      0x14c /opt/devkitpro/libnds/lib/libdswifi9.a(sgIP_ARP.o)
                0x020056a4                sgIP_ARP_SendARPRequest
 .text.sgIP_ARP_Timer100ms
                0x020057f0       0x98 /opt/devkitpro/libnds/lib/libdswifi9.a(sgIP_ARP.o)
                0x020057f0                sgIP_ARP_Timer100ms
 .text.sgIP_ARP_SendProtocolFrame
                0x02005888      0x19c /opt/devkitpro/libnds/lib/libdswifi9.a(sgIP_ARP.o)
                0x02005888                sgIP_ARP_SendProtocolFrame
 .text.sgIP_ARP_ProcessARPFrame
                0x02005a24      0x174 /opt/devkitpro/libnds/lib/libdswifi9.a(sgIP_ARP.o)
                0x02005a24                sgIP_ARP_ProcessARPFrame
 .text.sgIP_ICMP_ReceivePacket
                0x02005b98       0x98 /opt/devkitpro/libnds/lib/libdswifi9.a(sgIP_ICMP.o)
                0x02005b98                sgIP_ICMP_ReceivePacket
 .text.sgIP_TCP_FixChecksum.part.0
                0x02005c30       0x8c /opt/devkitpro/libnds/lib/libdswifi9.a(sgIP_TCP.o)
 .text.sgIP_TCP_Init
                0x02005cbc       0x4c /opt/devkitpro/libnds/lib/libdswifi9.a(sgIP_TCP.o)
                0x02005cbc                sgIP_TCP_Init
 .text.sgIP_TCP_GetUnusedOutgoingPort
                0x02005d08       0xa8 /opt/devkitpro/libnds/lib/libdswifi9.a(sgIP_TCP.o)
                0x02005d08                sgIP_TCP_GetUnusedOutgoingPort
 .text.sgIP_TCP_CalcChecksum
                0x02005db0       0x88 /opt/devkitpro/libnds/lib/libdswifi9.a(sgIP_TCP.o)
                0x02005db0                sgIP_TCP_CalcChecksum
 .text.sgIP_TCP_GenHeader
                0x02005e38      0x130 /opt/devkitpro/libnds/lib/libdswifi9.a(sgIP_TCP.o)
                0x02005e38                sgIP_TCP_GenHeader
 .text.sgIP_TCP_SendPacket
                0x02005f68      0x158 /opt/devkitpro/libnds/lib/libdswifi9.a(sgIP_TCP.o)
                0x02005f68                sgIP_TCP_SendPacket
 .text.sgIP_TCP_SendSynReply
                0x020060c0      0x148 /opt/devkitpro/libnds/lib/libdswifi9.a(sgIP_TCP.o)
                0x020060c0                sgIP_TCP_SendSynReply
 .text.sgIP_TCP_Timer
                0x02006208      0x32c /opt/devkitpro/libnds/lib/libdswifi9.a(sgIP_TCP.o)
                0x02006208                sgIP_TCP_Timer
 .text.sgIP_TCP_AllocRecord
                0x02006534       0xd0 /opt/devkitpro/libnds/lib/libdswifi9.a(sgIP_TCP.o)
                0x02006534                sgIP_TCP_AllocRecord
 .text.sgIP_TCP_ReceivePacket
                0x02006604      0x8e0 /opt/devkitpro/libnds/lib/libdswifi9.a(sgIP_TCP.o)
                0x02006604                sgIP_TCP_ReceivePacket
 .text.sgIP_TCP_FreeRecord
                0x02006ee4      0x194 /opt/devkitpro/libnds/lib/libdswifi9.a(sgIP_TCP.o)
                0x02006ee4                sgIP_TCP_FreeRecord
 .text.sgIP_TCP_Bind
                0x02007078       0xac /opt/devkitpro/libnds/lib/libdswifi9.a(sgIP_TCP.o)
                0x02007078                sgIP_TCP_Bind
 .text.sgIP_TCP_Close
                0x02007124       0xa8 /opt/devkitpro/libnds/lib/libdswifi9.a(sgIP_TCP.o)
                0x02007124                sgIP_TCP_Close
 .text.sgIP_TCP_Connect
                0x020071cc      0x1bc /opt/devkitpro/libnds/lib/libdswifi9.a(sgIP_TCP.o)
                0x020071cc                sgIP_TCP_Connect
 .text.sgIP_TCP_Send
                0x02007388      0x20c /opt/devkitpro/libnds/lib/libdswifi9.a(sgIP_TCP.o)
                0x02007388                sgIP_TCP_Send
 .text.sgIP_TCP_Recv
                0x02007594      0x1bc /opt/devkitpro/libnds/lib/libdswifi9.a(sgIP_TCP.o)
                0x02007594                sgIP_TCP_Recv
 .text.sgIP_UDP_Init
                0x02007750       0x24 /opt/devkitpro/libnds/lib/libdswifi9.a(sgIP_UDP.o)
                0x02007750                sgIP_UDP_Init
 .text.sgIP_UDP_GetUnusedOutgoingPort
                0x02007774       0x98 /opt/devkitpro/libnds/lib/libdswifi9.a(sgIP_UDP.o)
                0x02007774                sgIP_UDP_GetUnusedOutgoingPort
 .text.sgIP_UDP_CalcChecksum
                0x0200780c       0x90 /opt/devkitpro/libnds/lib/libdswifi9.a(sgIP_UDP.o)
                0x0200780c                sgIP_UDP_CalcChecksum
 .text.sgIP_UDP_ReceivePacket
                0x0200789c      0x160 /opt/devkitpro/libnds/lib/libdswifi9.a(sgIP_UDP.o)
                0x0200789c                sgIP_UDP_ReceivePacket
 .text.sgIP_UDP_SendPacket
                0x020079fc      0x1a8 /opt/devkitpro/libnds/lib/libdswifi9.a(sgIP_UDP.o)
                0x020079fc                sgIP_UDP_SendPacket
 .text.sgIP_UDP_AllocRecord
                0x02007ba4       0xac /opt/devkitpro/libnds/lib/libdswifi9.a(sgIP_UDP.o)
                0x02007ba4                sgIP_UDP_AllocRecord
 .text.sgIP_UDP_FreeRecord
                0x02007c50       0xd0 /opt/devkitpro/libnds/lib/libdswifi9.a(sgIP_UDP.o)
                0x02007c50                sgIP_UDP_FreeRecord
 .text.sgIP_UDP_Bind
                0x02007d20       0xe8 /opt/devkitpro/libnds/lib/libdswifi9.a(sgIP_UDP.o)
                0x02007d20                sgIP_UDP_Bind
 .text.sgIP_UDP_RecvFrom
                0x02007e08      0x1f8 /opt/devkitpro/libnds/lib/libdswifi9.a(sgIP_UDP.o)
                0x02007e08                sgIP_UDP_RecvFrom
 .text.sgIP_UDP_SendTo
                0x02008000        0xc /opt/devkitpro/libnds/lib/libdswifi9.a(sgIP_UDP.o)
                0x02008000                sgIP_UDP_SendTo
 .text.newRow   0x0200800c       0xdc /opt/devkitpro/libnds/lib/libnds9.a(console.o)
 .text.consolePrintChar
                0x020080e8       0xe0 /opt/devkitpro/libnds/lib/libnds9.a(console.o)
                0x020080e8                consolePrintChar
 .text.con_write
                0x020081c8      0x320 /opt/devkitpro/libnds/lib/libnds9.a(console.o)
                0x020081c8                con_write
 .text.consoleLoadFont
                0x020084e8      0x314 /opt/devkitpro/libnds/lib/libnds9.a(console.o)
                0x020084e8                consoleLoadFont
 .text.consoleInit
                0x020087fc      0x18c /opt/devkitpro/libnds/lib/libnds9.a(console.o)
                0x020087fc                consoleInit
 .text.consoleDemoInit
                0x02008988       0x40 /opt/devkitpro/libnds/lib/libnds9.a(console.o)
                0x02008988                consoleDemoInit
 .text.keysDown
                0x020089c8       0x10 /opt/devkitpro/libnds/lib/libnds9.a(keys.o)
                0x020089c8                keysDown
 .text.checkIfText
                0x020089d8       0x6c /opt/devkitpro/libnds/lib/libnds9.a(background.o)
                0x020089d8                checkIfText
 .text.bgUpdate
                0x02008a44       0xf4 /opt/devkitpro/libnds/lib/libnds9.a(background.o)
                0x02008a44                bgUpdate
 .text.bgInit_call
                0x02008b38       0xb0 /opt/devkitpro/libnds/lib/libnds9.a(background.o)
                0x02008b38                bgInit_call
 .text.bgInitSub_call
                0x02008be8       0xb8 /opt/devkitpro/libnds/lib/libnds9.a(background.o)
                0x02008be8                bgInitSub_call
 .text.sinLutLookup
                0x02008ca0       0x4c /opt/devkitpro/libnds/lib/libnds9.a(trig.o)
                0x02008ca0                sinLutLookup
 .text.sinLerp  0x02008cec       0x38 /opt/devkitpro/libnds/lib/libnds9.a(trig.o)
                0x02008cec                sinLerp
 .text.cosLerp  0x02008d24       0x48 /opt/devkitpro/libnds/lib/libnds9.a(trig.o)
                0x02008d24                cosLerp
 .text._tickCountIsr
                0x02008d6c       0x1c /opt/devkitpro/calico/lib/libcalico_ds9.a(tick.o)
 .text._tickTaskSchedule.part.0.isra.0
                0x02008d88       0x98 /opt/devkitpro/calico/lib/libcalico_ds9.a(tick.o)
 .text.tickInit
                0x02008e20       0x8c /opt/devkitpro/calico/lib/libcalico_ds9.a(tick.o)
                0x02008e20                tickInit
 .text.tickGetCount
                0x02008eac       0x6c /opt/devkitpro/calico/lib/libcalico_ds9.a(tick.o)
                0x02008eac                tickGetCount
 .text._tickTaskIsr
                0x02008f18      0x110 /opt/devkitpro/calico/lib/libcalico_ds9.a(tick.o)
 .text.tickTaskStart
                0x02009028      0x11c /opt/devkitpro/calico/lib/libcalico_ds9.a(tick.o)
                0x02009028                tickTaskStart
 .text.tickTaskStop
                0x02009144       0xa8 /opt/devkitpro/calico/lib/libcalico_ds9.a(tick.o)
                0x02009144                tickTaskStop
 .text.threadExit
                0x020091ec       0x98 /opt/devkitpro/calico/lib/libcalico_ds9.a(thread_cold.o)
                0x020091ec                threadExit
 .text._threadTickTask
                0x02009284       0x10 /opt/devkitpro/calico/lib/libcalico_ds9.a(thread_cold.o)
 .text._threadInit
                0x02009294       0x98 /opt/devkitpro/calico/lib/libcalico_ds9.a(thread_cold.o)
                0x02009294                _threadInit
 .text.threadPrepare
                0x0200932c       0x98 /opt/devkitpro/calico/lib/libcalico_ds9.a(thread_cold.o)
                0x0200932c                threadPrepare
 .text.threadAttachLocalStorage
                0x020093c4      0x10c /opt/devkitpro/calico/lib/libcalico_ds9.a(thread_cold.o)
                0x020093c4                threadAttachLocalStorage
 .text.threadStart
                0x020094d0       0xc0 /opt/devkitpro/calico/lib/libcalico_ds9.a(thread_cold.o)
                0x020094d0                threadStart
 .text.threadJoin
                0x02009590       0x4c /opt/devkitpro/calico/lib/libcalico_ds9.a(thread_cold.o)
                0x02009590                threadJoin
 .text.threadIrqWait
                0x020095dc       0x98 /opt/devkitpro/calico/lib/libcalico_ds9.a(thread_cold.o)
                0x020095dc                threadIrqWait
 .text.threadSleepTicks
                0x02009674       0x58 /opt/devkitpro/calico/lib/libcalico_ds9.a(thread_cold.o)
                0x02009674                threadSleepTicks
 .text.threadUpdateDynamicPrio
                0x020096cc      0x1c4 /opt/devkitpro/calico/lib/libcalico_ds9.a(mutex.o)
 .text.threadRemoveWaiter
                0x02009890      0x1a8 /opt/devkitpro/calico/lib/libcalico_ds9.a(mutex.o)
 .text.mutexLock
                0x02009a38      0x144 /opt/devkitpro/calico/lib/libcalico_ds9.a(mutex.o)
                0x02009a38                mutexLock
 .text.mutexUnlock
                0x02009b7c       0xbc /opt/devkitpro/calico/lib/libcalico_ds9.a(mutex.o)
                0x02009b7c                mutexUnlock
 .text.mailboxTrySend
                0x02009c38       0x9c /opt/devkitpro/calico/lib/libcalico_ds9.a(mailbox.o)
                0x02009c38                mailboxTrySend
 .text.mailboxRecv
                0x02009cd4       0x8c /opt/devkitpro/calico/lib/libcalico_ds9.a(mailbox.o)
                0x02009cd4                mailboxRecv
 .text.__syscall_getreent
                0x02009d60       0x14 /opt/devkitpro/calico/lib/libcalico_ds9.a(newlib_syscalls.o)
                0x02009d60                __syscall_getreent
 .text.__errno  0x02009d74       0x24 /opt/devkitpro/calico/lib/libcalico_ds9.a(newlib_syscalls.o)
                0x02009d74                __errno
 .text.__syscall_lock_acquire
                0x02009d98        0x4 /opt/devkitpro/calico/lib/libcalico_ds9.a(newlib_syscalls.o)
                0x02009d98                __syscall_lock_acquire
 .text.__syscall_lock_release
                0x02009d9c        0x4 /opt/devkitpro/calico/lib/libcalico_ds9.a(newlib_syscalls.o)
                0x02009d9c                __syscall_lock_release
 .text.__syscall_lock_acquire_recursive
                0x02009da0       0x40 /opt/devkitpro/calico/lib/libcalico_ds9.a(newlib_syscalls.o)
                0x02009da0                __syscall_lock_acquire_recursive
 .text.__syscall_lock_release_recursive
                0x02009de0       0x18 /opt/devkitpro/calico/lib/libcalico_ds9.a(newlib_syscalls.o)
                0x02009de0                __syscall_lock_release_recursive
 .text.svcGetCRC16
                0x02009df8        0x4 /opt/devkitpro/calico/lib/libcalico_ds9.a(bios.o)
                0x02009df8                svcGetCRC16
 .text._pxiMailboxHandler
                0x02009dfc        0x4 /opt/devkitpro/calico/lib/libcalico_ds9.a(pxi.o)
 .text._pxiRecvUnhandled
                0x02009e00        0x4 /opt/devkitpro/calico/lib/libcalico_ds9.a(pxi.o)
                0x02009e00                _pxiRecvUnhandled
 .text._pxiRecvIrqHandler
                0x02009e04      0x154 /opt/devkitpro/calico/lib/libcalico_ds9.a(pxi.o)
 .text._pxiInit
                0x02009f58       0x58 /opt/devkitpro/calico/lib/libcalico_ds9.a(pxi.o)
                0x02009f58                _pxiInit
 .text.pxiWaitForPing
                0x02009fb0        0xc /opt/devkitpro/calico/lib/libcalico_ds9.a(pxi.o)
                0x02009fb0                pxiWaitForPing
 .text.pxiSetHandler
                0x02009fbc       0x74 /opt/devkitpro/calico/lib/libcalico_ds9.a(pxi.o)
                0x02009fbc                pxiSetHandler
 .text.pxiSetMailbox
                0x0200a030       0x68 /opt/devkitpro/calico/lib/libcalico_ds9.a(pxi.o)
                0x0200a030                pxiSetMailbox
 .text.pxiWaitRemote
                0x0200a098       0x38 /opt/devkitpro/calico/lib/libcalico_ds9.a(pxi.o)
                0x0200a098                pxiWaitRemote
 .text.pxiSendPacket
                0x0200a0d0       0x50 /opt/devkitpro/calico/lib/libcalico_ds9.a(pxi.o)
                0x0200a0d0                pxiSendPacket
 .text.pxiSendExtPacket
                0x0200a120       0x98 /opt/devkitpro/calico/lib/libcalico_ds9.a(pxi.o)
                0x0200a120                pxiSendExtPacket
 .text.pxiBeginReceive
                0x0200a1b8       0x2c /opt/devkitpro/calico/lib/libcalico_ds9.a(pxi.o)
                0x0200a1b8                pxiBeginReceive
 .text.pxiEndReceive
                0x0200a1e4       0x94 /opt/devkitpro/calico/lib/libcalico_ds9.a(pxi.o)
                0x0200a1e4                pxiEndReceive
 .text._pmCallEventHandlers
                0x0200a278       0x40 /opt/devkitpro/calico/lib/libcalico_ds9.a(pm.o)
 .text._pmPxiThreadMain
                0x0200a2b8       0xa0 /opt/devkitpro/calico/lib/libcalico_ds9.a(pm.o)
 .text._pmResetPxiHandler
                0x0200a358       0x28 /opt/devkitpro/calico/lib/libcalico_ds9.a(pm.o)
 .text.systemUserExit
                0x0200a380        0x4 /opt/devkitpro/calico/lib/libcalico_ds9.a(pm.o)
                0x0200a380                systemUserExit
 .text.systemErrorExit
                0x0200a384        0x4 /opt/devkitpro/calico/lib/libcalico_ds9.a(pm.o)
                0x0200a384                systemErrorExit
 .text.__syscall_exit
                0x0200a388      0x138 /opt/devkitpro/calico/lib/libcalico_ds9.a(pm.o)
                0x0200a388                __syscall_exit
 .text.pmInit   0x0200a4c0       0x58 /opt/devkitpro/calico/lib/libcalico_ds9.a(pm.o)
                0x0200a4c0                pmInit
 .text.pmEnterSleep
                0x0200a518       0xcc /opt/devkitpro/calico/lib/libcalico_ds9.a(pm.o)
                0x0200a518                pmEnterSleep
 .text.pmMainLoop
                0x0200a5e4       0x60 /opt/devkitpro/calico/lib/libcalico_ds9.a(pm.o)
                0x0200a5e4                pmMainLoop
 .text._netbufPoolInit
                0x0200a644       0xfc /opt/devkitpro/calico/lib/libcalico_ds9.a(netbuf.o)
 .text._netbufPrvInitPools
                0x0200a740       0x60 /opt/devkitpro/calico/lib/libcalico_ds9.a(netbuf.o)
                0x0200a740                _netbufPrvInitPools
 .text.netbufAlloc
                0x0200a7a0       0xd8 /opt/devkitpro/calico/lib/libcalico_ds9.a(netbuf.o)
                0x0200a7a0                netbufAlloc
 .text.netbufFlush
                0x0200a878        0xc /opt/devkitpro/calico/lib/libcalico_ds9.a(netbuf.o)
                0x0200a878                netbufFlush
 .text.netbufFree
                0x0200a884       0x80 /opt/devkitpro/calico/lib/libcalico_ds9.a(netbuf.o)
                0x0200a884                netbufFree
 .text.systemUserStartup
                0x0200a904        0x4 /opt/devkitpro/calico/lib/libcalico_ds9.a(sys_startup.o)
                0x0200a904                systemUserStartup
 .text.systemStartup
                0x0200a908      0x104 /opt/devkitpro/calico/lib/libcalico_ds9.a(sys_startup.o)
                0x0200a908                systemStartup
 .text.pmReadNvram
                0x0200aa0c       0x48 /opt/devkitpro/calico/lib/libcalico_ds9.a(pm_arm9.o)
                0x0200aa0c                pmReadNvram
 .text._wlmgrThreadMain
                0x0200aa54      0x128 /opt/devkitpro/calico/lib/libcalico_ds9.a(wlmgr.o)
 .text._wlmgrRxPxiHandler
                0x0200ab7c       0x44 /opt/devkitpro/calico/lib/libcalico_ds9.a(wlmgr.o)
 .text.wlmgrInit
                0x0200abc0      0x170 /opt/devkitpro/calico/lib/libcalico_ds9.a(wlmgr.o)
                0x0200abc0                wlmgrInit
 .text.wlmgrSetEventHandler
                0x0200ad30       0x28 /opt/devkitpro/calico/lib/libcalico_ds9.a(wlmgr.o)
                0x0200ad30                wlmgrSetEventHandler
 .text.wlmgrGetState
                0x0200ad58       0x10 /opt/devkitpro/calico/lib/libcalico_ds9.a(wlmgr.o)
                0x0200ad58                wlmgrGetState
 .text.wlmgrStart
                0x0200ad68       0x1c /opt/devkitpro/calico/lib/libcalico_ds9.a(wlmgr.o)
                0x0200ad68                wlmgrStart
 .text.wlmgrStartScan
                0x0200ad84       0x54 /opt/devkitpro/calico/lib/libcalico_ds9.a(wlmgr.o)
                0x0200ad84                wlmgrStartScan
 .text.wlmgrAssociate
                0x0200add8       0x68 /opt/devkitpro/calico/lib/libcalico_ds9.a(wlmgr.o)
                0x0200add8                wlmgrAssociate
 .text.wlmgrDisassociate
                0x0200ae40       0x1c /opt/devkitpro/calico/lib/libcalico_ds9.a(wlmgr.o)
                0x0200ae40                wlmgrDisassociate
 .text.wlmgrSetRawRxHandler
                0x0200ae5c       0x28 /opt/devkitpro/calico/lib/libcalico_ds9.a(wlmgr.o)
                0x0200ae5c                wlmgrSetRawRxHandler
 .text.wlmgrRawTx
                0x0200ae84       0x24 /opt/devkitpro/calico/lib/libcalico_ds9.a(wlmgr.o)
                0x0200ae84                wlmgrRawTx
 .text.irqSet   0x0200aea8       0x64 /opt/devkitpro/calico/lib/libcalico_ds9.a(irq.o)
                0x0200aea8                irqSet
 .text          0x0200af0c      0x150 /opt/devkitpro/devkitARM/bin/../lib/gcc/arm-none-eabi/14.2.0/thumb/libgcc.a(_divsi3.o)
                0x0200af0c                __aeabi_idiv
                0x0200af0c                __divsi3
                0x0200b03c                __aeabi_idivmod
 .text          0x0200b05c        0x4 /opt/devkitpro/devkitARM/bin/../lib/gcc/arm-none-eabi/14.2.0/thumb/libgcc.a(_dvmd_tls.o)
                0x0200b05c                __aeabi_ldiv0
                0x0200b05c                __aeabi_idiv0
 .text          0x0200b060       0x3c /opt/devkitpro/devkitARM/bin/../lib/gcc/arm-none-eabi/14.2.0/thumb/libgcc.a(_aeabi_uldivmod.o)
                0x0200b060                __aeabi_uldivmod
 .text.__udivmoddi4
                0x0200b09c      0x19c /opt/devkitpro/devkitARM/bin/../lib/gcc/arm-none-eabi/14.2.0/thumb/libgcc.a(_udivmoddi4.o)
                0x0200b09c                __udivmoddi4
 .text          0x0200b238       0x28 /opt/devkitpro/devkitARM/bin/../lib/gcc/arm-none-eabi/14.2.0/thumb/libgcc.a(_clzdi2.o)
                0x0200b238                __clzdi2
 .text          0x0200b260       0x48 /opt/devkitpro/devkitARM/bin/../lib/gcc/arm-none-eabi/14.2.0/thumb/libgcc.a(_clzsi2.o)
                0x0200b260                __clzsi2
 .text.strlen   0x0200b2a8       0x60 /opt/devkitpro/devkitARM/bin/../lib/gcc/arm-none-eabi/14.2.0/../../../../arm-none-eabi/lib/thumb/libg.a(libc_a-strlen-stub.o)
                0x0200b2a8                strlen
 .text.memmove  0x0200b308       0xcc /opt/devkitpro/devkitARM/bin/../lib/gcc/arm-none-eabi/14.2.0/../../../../arm-none-eabi/lib/thumb/libg.a(libc_a-memmove.o)
                0x0200b308                memmove
 .text.siscanf  0x0200b3d4       0x50 /opt/devkitpro/devkitARM/bin/../lib/gcc/arm-none-eabi/14.2.0/../../../../arm-none-eabi/lib/thumb/libg.a(libc_a-siscanf.o)
                0x0200b3d4                siscanf
 .text.__sread  0x0200b424       0x34 /opt/devkitpro/devkitARM/bin/../lib/gcc/arm-none-eabi/14.2.0/../../../../arm-none-eabi/lib/thumb/libg.a(libc_a-stdio.o)
                0x0200b424                __sread
 .text.__seofread
                0x0200b458        0x4 /opt/devkitpro/devkitARM/bin/../lib/gcc/arm-none-eabi/14.2.0/../../../../arm-none-eabi/lib/thumb/libg.a(libc_a-stdio.o)
                0x0200b458                __seofread
 .text.__swrite
                0x0200b45c       0x4c /opt/devkitpro/devkitARM/bin/../lib/gcc/arm-none-eabi/14.2.0/../../../../arm-none-eabi/lib/thumb/libg.a(libc_a-stdio.o)
                0x0200b45c                __swrite
 .text.__sseek  0x0200b4a8       0x3c /opt/devkitpro/devkitARM/bin/../lib/gcc/arm-none-eabi/14.2.0/../../../../arm-none-eabi/lib/thumb/libg.a(libc_a-stdio.o)
                0x0200b4a8                __sseek
 .text.__sclose
                0x0200b4e4       0x10 /opt/devkitpro/devkitARM/bin/../lib/gcc/arm-none-eabi/14.2.0/../../../../arm-none-eabi/lib/thumb/libg.a(libc_a-stdio.o)
                0x0200b4e4                __sclose
 .text._malloc_r
                0x0200b4f4      0x588 /opt/devkitpro/devkitARM/bin/../lib/gcc/arm-none-eabi/14.2.0/../../../../arm-none-eabi/lib/thumb/libg.a(libc_a-mallocr.o)
                0x0200b4f4                _malloc_r
 .text._malloc_trim_r
                0x0200ba7c       0xac /opt/devkitpro/devkitARM/bin/../lib/gcc/arm-none-eabi/14.2.0/../../../../arm-none-eabi/lib/thumb/libg.a(libc_a-freer.o)
                0x0200ba7c                _malloc_trim_r
 .text._free_r  0x0200bb28      0x1f4 /opt/devkitpro/devkitARM/bin/../lib/gcc/arm-none-eabi/14.2.0/../../../../arm-none-eabi/lib/thumb/libg.a(libc_a-freer.o)
                0x0200bb28                _free_r
 .text.setvbuf  0x0200bd1c      0x1ac /opt/devkitpro/devkitARM/bin/../lib/gcc/arm-none-eabi/14.2.0/../../../../arm-none-eabi/lib/thumb/libg.a(libc_a-setvbuf.o)
                0x0200bd1c                setvbuf
 .text.strnlen  0x0200bec8       0x24 /opt/devkitpro/devkitARM/bin/../lib/gcc/arm-none-eabi/14.2.0/../../../../arm-none-eabi/lib/thumb/libg.a(libc_a-strnlen.o)
                0x0200bec8                strnlen
 .text.malloc   0x0200beec       0x28 /opt/devkitpro/devkitARM/bin/../lib/gcc/arm-none-eabi/14.2.0/../../../../arm-none-eabi/lib/thumb/libg.a(libc_a-malloc.o)
                0x0200beec                malloc
 .text.free     0x0200bf14       0x14 /opt/devkitpro/devkitARM/bin/../lib/gcc/arm-none-eabi/14.2.0/../../../../arm-none-eabi/lib/thumb/libg.a(libc_a-malloc.o)
                0x0200bf14                free
 .text.memcpy   0x0200bf28       0xb0 /opt/devkitpro/devkitARM/bin/../lib/gcc/arm-none-eabi/14.2.0/../../../../arm-none-eabi/lib/thumb/libg.a(libc_a-memcpy-stub.o)
                0x0200bf28                memcpy
 .text.memset   0x0200bfd8       0x98 /opt/devkitpro/devkitARM/bin/../lib/gcc/arm-none-eabi/14.2.0/../../../../arm-none-eabi/lib/thumb/libg.a(libc_a-memset.o)
                0x0200bfd8                memset
 .text.__malloc_lock
                0x0200c070       0x14 /opt/devkitpro/devkitARM/bin/../lib/gcc/arm-none-eabi/14.2.0/../../../../arm-none-eabi/lib/thumb/libg.a(libc_a-mlock.o)
                0x0200c070                __malloc_lock
 .text.__malloc_unlock
                0x0200c084       0x14 /opt/devkitpro/devkitARM/bin/../lib/gcc/arm-none-eabi/14.2.0/../../../../arm-none-eabi/lib/thumb/libg.a(libc_a-mlock.o)
                0x0200c084                __malloc_unlock
 .text.__call_exitprocs
                0x0200c098        0xc /opt/devkitpro/devkitARM/bin/../lib/gcc/arm-none-eabi/14.2.0/../../../../arm-none-eabi/lib/thumb/libg.a(libc_a-exit.o)
                0x0200c098                __call_exitprocs
 .text.strncpy  0x0200c0a4       0x68 /opt/devkitpro/devkitARM/bin/../lib/gcc/arm-none-eabi/14.2.0/../../../../arm-none-eabi/lib/thumb/libg.a(libc_a-strncpy.o)
                0x0200c0a4                strncpy
 .text.iprintf  0x0200c10c       0x24 /opt/devkitpro/devkitARM/bin/../lib/gcc/arm-none-eabi/14.2.0/../../../../arm-none-eabi/lib/thumb/libg.a(libc_a-iprintf.o)
                0x0200c10c                iprintf
 .text.__libc_init_array
                0x0200c130       0x54 /opt/devkitpro/devkitARM/bin/../lib/gcc/arm-none-eabi/14.2.0/../../../../arm-none-eabi/lib/thumb/libg.a(libc_a-init.o)
                0x0200c130                __libc_init_array
 .text.__sflush_r
                0x0200c184      0x194 /opt/devkitpro/devkitARM/bin/../lib/gcc/arm-none-eabi/14.2.0/../../../../arm-none-eabi/lib/thumb/libg.a(libc_a-fflush.o)
                0x0200c184                __sflush_r
 .text._fflush_r
                0x0200c318       0x70 /opt/devkitpro/devkitARM/bin/../lib/gcc/arm-none-eabi/14.2.0/../../../../arm-none-eabi/lib/thumb/libg.a(libc_a-fflush.o)
                0x0200c318                _fflush_r
 .text.get_arg  0x0200c388      0x428 /opt/devkitpro/devkitARM/bin/../lib/gcc/arm-none-eabi/14.2.0/../../../../arm-none-eabi/lib/thumb/libg.a(libc_a-vfiprintf.o)
 .text._vfiprintf_r
                0x0200c7b0     0x1724 /opt/devkitpro/devkitARM/bin/../lib/gcc/arm-none-eabi/14.2.0/../../../../arm-none-eabi/lib/thumb/libg.a(libc_a-vfiprintf.o)
                0x0200c7b0                _vfiprintf_r
 .text.__sbprintf
                0x0200ded4       0x7c /opt/devkitpro/devkitARM/bin/../lib/gcc/arm-none-eabi/14.2.0/../../../../arm-none-eabi/lib/thumb/libg.a(libc_a-vfiprintf.o)
 .text._memalign_r
                0x0200df50      0x128 /opt/devkitpro/devkitARM/bin/../lib/gcc/arm-none-eabi/14.2.0/../../../../arm-none-eabi/lib/thumb/libg.a(libc_a-malignr.o)
                0x0200df50                _memalign_r
 .text.memchr   0x0200e078       0x80 /opt/devkitpro/devkitARM/bin/../lib/gcc/arm-none-eabi/14.2.0/../../../../arm-none-eabi/lib/thumb/libg.a(libc_a-memchr-stub.o)
                0x0200e078                memchr
 .text.get_arg  0x0200e0f8       0x3e /opt/devkitpro/devkitARM/bin/../lib/gcc/arm-none-eabi/14.2.0/../../../../arm-none-eabi/lib/thumb/libg.a(libc_a-svfiscanf.o)
 .text._sungetc_r
                0x0200e136       0x7e /opt/devkitpro/devkitARM/bin/../lib/gcc/arm-none-eabi/14.2.0/../../../../arm-none-eabi/lib/thumb/libg.a(libc_a-svfiscanf.o)
                0x0200e136                _sungetc_r
 .text.__ssrefill_r
                0x0200e1b4       0x42 /opt/devkitpro/devkitARM/bin/../lib/gcc/arm-none-eabi/14.2.0/../../../../arm-none-eabi/lib/thumb/libg.a(libc_a-svfiscanf.o)
                0x0200e1b4                __ssrefill_r
 .text._sfread_r
                0x0200e1f6       0x88 /opt/devkitpro/devkitARM/bin/../lib/gcc/arm-none-eabi/14.2.0/../../../../arm-none-eabi/lib/thumb/libg.a(libc_a-svfiscanf.o)
                0x0200e1f6                _sfread_r
 *fill*         0x0200e27e        0x2 ff
 .text.__ssvfiscanf_r
                0x0200e280     0x1a88 /opt/devkitpro/devkitARM/bin/../lib/gcc/arm-none-eabi/14.2.0/../../../../arm-none-eabi/lib/thumb/libg.a(libc_a-svfiscanf.o)
                0x0200e280                __ssvfiscanf_r
 .text._strtoul_l.isra.0
                0x0200fd08      0x154 /opt/devkitpro/devkitARM/bin/../lib/gcc/arm-none-eabi/14.2.0/../../../../arm-none-eabi/lib/thumb/libg.a(libc_a-strtoul.o)
 .text._strtoul_r
                0x0200fe5c       0x20 /opt/devkitpro/devkitARM/bin/../lib/gcc/arm-none-eabi/14.2.0/../../../../arm-none-eabi/lib/thumb/libg.a(libc_a-strtoul.o)
                0x0200fe5c                _strtoul_r
 .text.__libc_fini_array
                0x0200fe7c       0x30 /opt/devkitpro/devkitARM/bin/../lib/gcc/arm-none-eabi/14.2.0/../../../../arm-none-eabi/lib/thumb/libg.a(libc_a-fini.o)
                0x0200fe7c                __libc_fini_array
 .text.__sprint_r
                0x0200feac       0x24 /opt/devkitpro/devkitARM/bin/../lib/gcc/arm-none-eabi/14.2.0/../../../../arm-none-eabi/lib/thumb/libg.a(libc_a-sprint_r.o)
                0x0200feac                __sprint_r
 .text.iswspace
                0x0200fed0       0x10 /opt/devkitpro/devkitARM/bin/../lib/gcc/arm-none-eabi/14.2.0/../../../../arm-none-eabi/lib/thumb/libg.a(libc_a-iswspace.o)
                0x0200fed0                iswspace
 .text.__sccl   0x0200fee0       0xa0 /opt/devkitpro/devkitARM/bin/../lib/gcc/arm-none-eabi/14.2.0/../../../../arm-none-eabi/lib/thumb/libg.a(libc_a-sccl.o)
                0x0200fee0                __sccl
 .text._localeconv_r
                0x0200ff80       0x1c /opt/devkitpro/devkitARM/bin/../lib/gcc/arm-none-eabi/14.2.0/../../../../arm-none-eabi/lib/thumb/libg.a(libc_a-localeconv.o)
                0x0200ff80                _localeconv_r
 .text.__smakebuf_r
                0x0200ff9c       0xdc /opt/devkitpro/devkitARM/bin/../lib/gcc/arm-none-eabi/14.2.0/../../../../arm-none-eabi/lib/thumb/libg.a(libc_a-makebuf.o)
                0x0200ff9c                __smakebuf_r
 .text.__swhatbuf_r
                0x02010078       0x5c /opt/devkitpro/devkitARM/bin/../lib/gcc/arm-none-eabi/14.2.0/../../../../arm-none-eabi/lib/thumb/libg.a(libc_a-makebuf.o)
                0x02010078                __swhatbuf_r
 .text.realloc  0x020100d4       0x18 /opt/devkitpro/devkitARM/bin/../lib/gcc/arm-none-eabi/14.2.0/../../../../arm-none-eabi/lib/thumb/libg.a(libc_a-realloc.o)
                0x020100d4                realloc
 .text.stdio_exit_handler
                0x020100ec       0x20 /opt/devkitpro/devkitARM/bin/../lib/gcc/arm-none-eabi/14.2.0/../../../../arm-none-eabi/lib/thumb/libg.a(libc_a-findfp.o)
 .text.cleanup_stdio
                0x0201010c       0x40 /opt/devkitpro/devkitARM/bin/../lib/gcc/arm-none-eabi/14.2.0/../../../../arm-none-eabi/lib/thumb/libg.a(libc_a-findfp.o)
 .text.global_stdio_init.part.0
                0x0201014c      0x128 /opt/devkitpro/devkitARM/bin/../lib/gcc/arm-none-eabi/14.2.0/../../../../arm-none-eabi/lib/thumb/libg.a(libc_a-findfp.o)
 .text.__sinit  0x02010274       0x3c /opt/devkitpro/devkitARM/bin/../lib/gcc/arm-none-eabi/14.2.0/../../../../arm-none-eabi/lib/thumb/libg.a(libc_a-findfp.o)
                0x02010274                __sinit
 .text.__sfp_lock_acquire
                0x020102b0       0x14 /opt/devkitpro/devkitARM/bin/../lib/gcc/arm-none-eabi/14.2.0/../../../../arm-none-eabi/lib/thumb/libg.a(libc_a-findfp.o)
                0x020102b0                __sfp_lock_acquire
 .text.__sfp_lock_release
                0x020102c4       0x14 /opt/devkitpro/devkitARM/bin/../lib/gcc/arm-none-eabi/14.2.0/../../../../arm-none-eabi/lib/thumb/libg.a(libc_a-findfp.o)
                0x020102c4                __sfp_lock_release
 .text._wcrtomb_r
                0x020102d8       0x84 /opt/devkitpro/devkitARM/bin/../lib/gcc/arm-none-eabi/14.2.0/../../../../arm-none-eabi/lib/thumb/libg.a(libc_a-wcrtomb.o)
                0x020102d8                _wcrtomb_r
 .text._strtol_l.part.0
                0x0201035c      0x25c /opt/devkitpro/devkitARM/bin/../lib/gcc/arm-none-eabi/14.2.0/../../../../arm-none-eabi/lib/thumb/libg.a(libc_a-strtol.o)
 .text._strtol_r
                0x020105b8       0x34 /opt/devkitpro/devkitARM/bin/../lib/gcc/arm-none-eabi/14.2.0/../../../../arm-none-eabi/lib/thumb/libg.a(libc_a-strtol.o)
                0x020105b8                _strtol_r
 .text._realloc_r
                0x020105ec      0x384 /opt/devkitpro/devkitARM/bin/../lib/gcc/arm-none-eabi/14.2.0/../../../../arm-none-eabi/lib/thumb/libg.a(libc_a-reallocr.o)
                0x020105ec                _realloc_r
 .text._fwalk_sglue
                0x02010970       0x4c /opt/devkitpro/devkitARM/bin/../lib/gcc/arm-none-eabi/14.2.0/../../../../arm-none-eabi/lib/thumb/libg.a(libc_a-fwalk.o)
                0x02010970                _fwalk_sglue
 .text._strtoull_l.isra.0
                0x020109bc      0x1bc /opt/devkitpro/devkitARM/bin/../lib/gcc/arm-none-eabi/14.2.0/../../../../arm-none-eabi/lib/thumb/libg.a(libc_a-strtoull.o)
 .text._strtoull_r
                0x02010b78       0x20 /opt/devkitpro/devkitARM/bin/../lib/gcc/arm-none-eabi/14.2.0/../../../../arm-none-eabi/lib/thumb/libg.a(libc_a-strtoull.o)
                0x02010b78                _strtoull_r
 .text._wcsrtombs_r
                0x02010b98       0x1c /opt/devkitpro/devkitARM/bin/../lib/gcc/arm-none-eabi/14.2.0/../../../../arm-none-eabi/lib/thumb/libg.a(libc_a-wcsrtombs.o)
                0x02010b98                _wcsrtombs_r
 .text._mbrtowc_r
                0x02010bb4       0x90 /opt/devkitpro/devkitARM/bin/../lib/gcc/arm-none-eabi/14.2.0/../../../../arm-none-eabi/lib/thumb/libg.a(libc_a-mbrtowc.o)
                0x02010bb4                _mbrtowc_r
 .text.__swsetup_r
                0x02010c44      0x100 /opt/devkitpro/devkitARM/bin/../lib/gcc/arm-none-eabi/14.2.0/../../../../arm-none-eabi/lib/thumb/libg.a(libc_a-wsetup.o)
                0x02010c44                __swsetup_r
 .text.__submore
                0x02010d44       0x88 /opt/devkitpro/devkitARM/bin/../lib/gcc/arm-none-eabi/14.2.0/../../../../arm-none-eabi/lib/thumb/libg.a(libc_a-ungetc.o)
                0x02010d44                __submore
 .text.iswspace_l
                0x02010dcc       0x28 /opt/devkitpro/devkitARM/bin/../lib/gcc/arm-none-eabi/14.2.0/../../../../arm-none-eabi/lib/thumb/libg.a(libc_a-iswspace_l.o)
                0x02010dcc                iswspace_l
 .text.__sfvwrite_r
                0x02010df4      0x304 /opt/devkitpro/devkitARM/bin/../lib/gcc/arm-none-eabi/14.2.0/../../../../arm-none-eabi/lib/thumb/libg.a(libc_a-fvwrite.o)
                0x02010df4                __sfvwrite_r
 .text._strtoll_l.isra.0
                0x020110f8      0x30c /opt/devkitpro/devkitARM/bin/../lib/gcc/arm-none-eabi/14.2.0/../../../../arm-none-eabi/lib/thumb/libg.a(libc_a-strtoll.o)
 .text._strtoll_r
                0x02011404       0x20 /opt/devkitpro/devkitARM/bin/../lib/gcc/arm-none-eabi/14.2.0/../../../../arm-none-eabi/lib/thumb/libg.a(libc_a-strtoll.o)
                0x02011404                _strtoll_r
 .text.__locale_mb_cur_max
                0x02011424       0x20 /opt/devkitpro/devkitARM/bin/../lib/gcc/arm-none-eabi/14.2.0/../../../../arm-none-eabi/lib/thumb/libg.a(libc_a-locale.o)
                0x02011424                __locale_mb_cur_max
 .text._wcsnrtombs_l
                0x02011444      0x10c /opt/devkitpro/devkitARM/bin/../lib/gcc/arm-none-eabi/14.2.0/../../../../arm-none-eabi/lib/thumb/libg.a(libc_a-wcsnrtombs.o)
                0x02011444                _wcsnrtombs_l
 .text._wcsnrtombs_r
                0x02011550       0x40 /opt/devkitpro/devkitARM/bin/../lib/gcc/arm-none-eabi/14.2.0/../../../../arm-none-eabi/lib/thumb/libg.a(libc_a-wcsnrtombs.o)
                0x02011550                _wcsnrtombs_r
 .text.__utf8_mbtowc
                0x02011590      0x234 /opt/devkitpro/devkitARM/bin/../lib/gcc/arm-none-eabi/14.2.0/../../../../arm-none-eabi/lib/thumb/libg.a(libc_a-mbtowc_r.o)
                0x02011590                __utf8_mbtowc
 .text._fclose_r
                0x020117c4       0xd4 /opt/devkitpro/devkitARM/bin/../lib/gcc/arm-none-eabi/14.2.0/../../../../arm-none-eabi/lib/thumb/libg.a(libc_a-fclose.o)
                0x020117c4                _fclose_r
 .text.category
                0x02011898       0x58 /opt/devkitpro/devkitARM/bin/../lib/gcc/arm-none-eabi/14.2.0/../../../../arm-none-eabi/lib/thumb/libg.a(libc_a-categories.o)
                0x02011898                category
 .text.__utf8_wctomb
                0x020118f0       0xb4 /opt/devkitpro/devkitARM/bin/../lib/gcc/arm-none-eabi/14.2.0/../../../../arm-none-eabi/lib/thumb/libg.a(libc_a-wctomb_r.o)
                0x020118f0                __utf8_wctomb
 .text._exit    0x020119a4       0x14 /opt/devkitpro/devkitARM/bin/../lib/gcc/arm-none-eabi/14.2.0/../../../../arm-none-eabi/lib/thumb/libsysbase.a(libsysbase_libsysbase_a-_exit.o)
                0x020119a4                _exit
 .text._fstat_r
                0x020119b8       0x58 /opt/devkitpro/devkitARM/bin/../lib/gcc/arm-none-eabi/14.2.0/../../../../arm-none-eabi/lib/thumb/libsysbase.a(libsysbase_libsysbase_a-fstat.o)
                0x020119b8                _fstat_r
 .text.__getreent
                0x02011a10       0x20 /opt/devkitpro/devkitARM/bin/../lib/gcc/arm-none-eabi/14.2.0/../../../../arm-none-eabi/lib/thumb/libsysbase.a(libsysbase_libsysbase_a-getreent.o)
                0x02011a10                __getreent
 .text.__get_handle
                0x02011a30       0x34 /opt/devkitpro/devkitARM/bin/../lib/gcc/arm-none-eabi/14.2.0/../../../../arm-none-eabi/lib/thumb/libsysbase.a(libsysbase_libsysbase_a-handle_manager.o)
                0x02011a30                __get_handle
 .text._close_r
                0x02011a64       0xb8 /opt/devkitpro/devkitARM/bin/../lib/gcc/arm-none-eabi/14.2.0/../../../../arm-none-eabi/lib/thumb/libsysbase.a(libsysbase_libsysbase_a-handle_manager.o)
                0x02011a64                _close_r
 .text.null_write
                0x02011b1c        0x4 /opt/devkitpro/devkitARM/bin/../lib/gcc/arm-none-eabi/14.2.0/../../../../arm-none-eabi/lib/thumb/libsysbase.a(libsysbase_libsysbase_a-iosupport.o)
 .text._isatty_r
                0x02011b20        0x4 /opt/devkitpro/devkitARM/bin/../lib/gcc/arm-none-eabi/14.2.0/../../../../arm-none-eabi/lib/thumb/libsysbase.a(libsysbase_libsysbase_a-isatty.o)
                0x02011b20                _isatty_r
 .text._lseek_r
                0x02011b24       0x60 /opt/devkitpro/devkitARM/bin/../lib/gcc/arm-none-eabi/14.2.0/../../../../arm-none-eabi/lib/thumb/libsysbase.a(libsysbase_libsysbase_a-lseek.o)
                0x02011b24                _lseek_r
 .text._read_r  0x02011b84       0x58 /opt/devkitpro/devkitARM/bin/../lib/gcc/arm-none-eabi/14.2.0/../../../../arm-none-eabi/lib/thumb/libsysbase.a(libsysbase_libsysbase_a-read.o)
                0x02011b84                _read_r
 .text._sbrk_r  0x02011bdc       0x54 /opt/devkitpro/devkitARM/bin/../lib/gcc/arm-none-eabi/14.2.0/../../../../arm-none-eabi/lib/thumb/libsysbase.a(libsysbase_libsysbase_a-sbrk.o)
                0x02011bdc                _sbrk_r
 .text.__libc_lock_acquire
                0x02011c30       0x18 /opt/devkitpro/devkitARM/bin/../lib/gcc/arm-none-eabi/14.2.0/../../../../arm-none-eabi/lib/thumb/libsysbase.a(libsysbase_libsysbase_a-syscall_support.o)
                0x02011c30                __libc_lock_acquire
 .text.__libc_lock_release
                0x02011c48       0x18 /opt/devkitpro/devkitARM/bin/../lib/gcc/arm-none-eabi/14.2.0/../../../../arm-none-eabi/lib/thumb/libsysbase.a(libsysbase_libsysbase_a-syscall_support.o)
                0x02011c48                __libc_lock_release
 .text.__libc_lock_acquire_recursive
                0x02011c60       0x18 /opt/devkitpro/devkitARM/bin/../lib/gcc/arm-none-eabi/14.2.0/../../../../arm-none-eabi/lib/thumb/libsysbase.a(libsysbase_libsysbase_a-syscall_support.o)
                0x02011c60                __libc_lock_acquire_recursive
 .text.__libc_lock_release_recursive
                0x02011c78       0x18 /opt/devkitpro/devkitARM/bin/../lib/gcc/arm-none-eabi/14.2.0/../../../../arm-none-eabi/lib/thumb/libsysbase.a(libsysbase_libsysbase_a-syscall_support.o)
                0x02011c78                __libc_lock_release_recursive
 .text._write_r
                0x02011c90       0x58 /opt/devkitpro/devkitARM/bin/../lib/gcc/arm-none-eabi/14.2.0/../../../../arm-none-eabi/lib/thumb/libsysbase.a(libsysbase_libsysbase_a-write.o)
                0x02011c90                _write_r
 .text          0x02011ce8       0x14 /opt/devkitpro/devkitARM/bin/../lib/gcc/arm-none-eabi/14.2.0/thumb/libgcc.a(_thumb1_case_uqi.o)
                0x02011ce8                __gnu_thumb1_case_uqi
 .text          0x02011cfc       0x14 /opt/devkitpro/devkitARM/bin/../lib/gcc/arm-none-eabi/14.2.0/thumb/libgcc.a(_thumb1_case_uhi.o)
                0x02011cfc                __gnu_thumb1_case_uhi
 .text          0x02011d10      0x11c /opt/devkitpro/devkitARM/bin/../lib/gcc/arm-none-eabi/14.2.0/thumb/libgcc.a(_udivsi3.o)
                0x02011d10                __udivsi3
                0x02011d10                __aeabi_uidiv
                0x02011e0c                __aeabi_uidivmod
 .text.__muldi3
                0x02011e2c       0x64 /opt/devkitpro/devkitARM/bin/../lib/gcc/arm-none-eabi/14.2.0/thumb/libgcc.a(_muldi3.o)
                0x02011e2c                __aeabi_lmul
                0x02011e2c                __muldi3
 EXCLUDE_FILE(*.twl.*) *(.glue_7t .glue_7 .vfp11_veneer .v4_bx)
 .glue_7        0x02011e90        0x0 linker stubs
 .glue_7t       0x02011e90        0x0 linker stubs
 .vfp11_veneer  0x02011e90        0x0 linker stubs
 .v4_bx         0x02011e90        0x0 linker stubs
 *(SORT_NONE(.fini))
 .fini          0x02011e90        0x4 /opt/devkitpro/devkitARM/bin/../lib/gcc/arm-none-eabi/14.2.0/thumb/crti.o
                0x02011e90                _fini
 .fini          0x02011e94        0x8 /opt/devkitpro/devkitARM/bin/../lib/gcc/arm-none-eabi/14.2.0/thumb/crtn.o
 *fill*         0x02011e9c        0x4 ff
 .fini.__stub   0x02011ea0       0x20 linker stubs
 EXCLUDE_FILE(*.twl.*) *(.rodata .rodata.* .gnu.linkonce.r.*)
 .rodata.getHttp.str1.4
                0x02011ec0      0x20c httpget.o
                                 0xe2 (size before relaxing)
 .rodata.main.str1.4
                0x020120cc       0x72 httpget.o
 .rodata.sgIP_DHCP_Init.str1.4
                0x020120cc        0xb /opt/devkitpro/libnds/lib/libdswifi9.a(sgIP_DHCP.o)
 .rodata.sgIP_DHCP_BeginDgram.str1.4
                0x020120cc        0x9 /opt/devkitpro/libnds/lib/libdswifi9.a(sgIP_DHCP.o)
 .rodata.sgIP_DHCP_Update
                0x020120cc        0x7 /opt/devkitpro/libnds/lib/libdswifi9.a(sgIP_DHCP.o)
 .rodata.sgIP_DNS_isipaddress
                0x020120d3       0x2f /opt/devkitpro/libnds/lib/libdswifi9.a(sgIP_DNS.o)
 .rodata.connect
                0x02012102        0xd /opt/devkitpro/libnds/lib/libdswifi9.a(sgIP_sockets.o)
 .rodata._wfcOnEvent.part.0.str1.4
                0x0201210f        0x7 /opt/devkitpro/libnds/lib/libdswifi9.a(wfc.o)
 .rodata.sgIP_TCP_Timer
                0x0201210f        0x9 /opt/devkitpro/libnds/lib/libdswifi9.a(sgIP_TCP.o)
 .rodata.sgIP_TCP_ReceivePacket
                0x02012118       0x1a /opt/devkitpro/libnds/lib/libdswifi9.a(sgIP_TCP.o)
 .rodata.con_write.str1.4
                0x02012132       0x30 /opt/devkitpro/libnds/lib/libnds9.a(console.o)
 *fill*         0x02012132        0x2 ff
 .rodata.con_write
                0x02012134       0xd4 /opt/devkitpro/libnds/lib/libnds9.a(console.o)
 .rodata.str1.4
                0x02012208       0x14 /opt/devkitpro/libnds/lib/libnds9.a(console.o)
 .rodata.dotab_stdout
                0x02012208       0x80 /opt/devkitpro/libnds/lib/libnds9.a(console.o)
 .rodata.default_font_bin
                0x02012288      0x800 /opt/devkitpro/libnds/lib/libnds9.a(default_font.bin.o)
                0x02012288                default_font_bin
                0x02012a88                default_font_bin_end
 .rodata.SIN_LUT
                0x02012a88      0x102 /opt/devkitpro/libnds/lib/libnds9.a(trig.o)
                0x02012a88                SIN_LUT
 *fill*         0x02012b8a        0x2 ff
 .rodata.s_netbufListSizes
                0x02012b8c        0xa /opt/devkitpro/calico/lib/libcalico_ds9.a(netbuf.o)
 .rodata._wlmgrThreadMain
                0x02012b96        0x4 /opt/devkitpro/calico/lib/libcalico_ds9.a(wlmgr.o)
 *fill*         0x02012b9a        0x2 ff
 .rodata.g_wlmgrDefaultConfig
                0x02012b9c        0xc /opt/devkitpro/calico/lib/libcalico_ds9.a(wlmgr.o)
                0x02012b9c                g_wlmgrDefaultConfig
 .rodata        0x02012ba8       0x16 /opt/devkitpro/calico/lib/libcalico_ds9.a(wlmgr.o)
 .rodata._vfiprintf_r.str1.1
                0x02012bbe       0x29 /opt/devkitpro/devkitARM/bin/../lib/gcc/arm-none-eabi/14.2.0/../../../../arm-none-eabi/lib/thumb/libg.a(libc_a-vfiprintf.o)
 *fill*         0x02012be7        0x1 ff
 .rodata.zeroes.0
                0x02012be8       0x10 /opt/devkitpro/devkitARM/bin/../lib/gcc/arm-none-eabi/14.2.0/../../../../arm-none-eabi/lib/thumb/libg.a(libc_a-vfiprintf.o)
 .rodata.blanks.1
                0x02012bf8       0x10 /opt/devkitpro/devkitARM/bin/../lib/gcc/arm-none-eabi/14.2.0/../../../../arm-none-eabi/lib/thumb/libg.a(libc_a-vfiprintf.o)
 .rodata.basefix.0
                0x02012c08       0x22 /opt/devkitpro/devkitARM/bin/../lib/gcc/arm-none-eabi/14.2.0/../../../../arm-none-eabi/lib/thumb/libg.a(libc_a-svfiscanf.o)
 *fill*         0x02012c2a        0x2 ff
 .rodata._ctype_
                0x02012c2c      0x101 /opt/devkitpro/devkitARM/bin/../lib/gcc/arm-none-eabi/14.2.0/../../../../arm-none-eabi/lib/thumb/libg.a(libc_a-ctype_.o)
                0x02012c2c                _ctype_
 *fill*         0x02012d2d        0x3 ff
 .rodata.__action_table
                0x02012d30       0x6c /opt/devkitpro/devkitARM/bin/../lib/gcc/arm-none-eabi/14.2.0/../../../../arm-none-eabi/lib/thumb/libg.a(libc_a-svfiprintf.o)
                0x02012d30                __action_table
 .rodata.__state_table
                0x02012d9c       0x6c /opt/devkitpro/devkitARM/bin/../lib/gcc/arm-none-eabi/14.2.0/../../../../arm-none-eabi/lib/thumb/libg.a(libc_a-svfiprintf.o)
                0x02012d9c                __state_table
 .rodata.__chclass
                0x02012e08      0x100 /opt/devkitpro/devkitARM/bin/../lib/gcc/arm-none-eabi/14.2.0/../../../../arm-none-eabi/lib/thumb/libg.a(libc_a-svfiprintf.o)
                0x02012e08                __chclass
 .rodata._mbrtowc_r.str1.4
                0x02012f08        0x1 /opt/devkitpro/devkitARM/bin/../lib/gcc/arm-none-eabi/14.2.0/../../../../arm-none-eabi/lib/thumb/libg.a(libc_a-mbrtowc.o)
 .rodata.str1.4
                0x02012f08       0x4c /opt/devkitpro/devkitARM/bin/../lib/gcc/arm-none-eabi/14.2.0/../../../../arm-none-eabi/lib/thumb/libg.a(libc_a-locale.o)
 .rodata.categories
                0x02012f08     0x35dc /opt/devkitpro/devkitARM/bin/../lib/gcc/arm-none-eabi/14.2.0/../../../../arm-none-eabi/lib/thumb/libg.a(libc_a-categories.o)
 .rodata.AddDevice.str1.4
                0x020164e4        0x8 /opt/devkitpro/devkitARM/bin/../lib/gcc/arm-none-eabi/14.2.0/../../../../arm-none-eabi/lib/thumb/libsysbase.a(libsysbase_libsysbase_a-iosupport.o)
 .rodata.dotab_stdnull
                0x020164e4       0x80 /opt/devkitpro/devkitARM/bin/../lib/gcc/arm-none-eabi/14.2.0/../../../../arm-none-eabi/lib/thumb/libsysbase.a(libsysbase_libsysbase_a-iosupport.o)
                0x020164e4                dotab_stdnull
 EXCLUDE_FILE(*.twl.*) *(.rodata1)
                0x02016564                        . = ALIGN (0x4)

.main.rw        0x02016568     0x1828 load address 0x0201a7c8
 EXCLUDE_FILE(*.twl.*) *(.data .data.* .gnu.linkonce.d.*)
 .data.firstConsoleInit.0
                0x02016568        0x1 /opt/devkitpro/libnds/lib/libnds9.a(console.o)
 *fill*         0x02016569        0x3 ff
 .data.currentConsole
                0x0201656c        0x4 /opt/devkitpro/libnds/lib/libnds9.a(console.o)
                0x0201656c                currentConsole
 .data.defaultConsole
                0x02016570       0x5c /opt/devkitpro/libnds/lib/libnds9.a(console.o)
                0x02016570                defaultConsole
 .data.bgTransform
                0x020165cc       0x20 /opt/devkitpro/libnds/lib/libnds9.a(background.o)
                0x020165cc                bgTransform
 .data.bgScrollTable
                0x020165ec       0x20 /opt/devkitpro/libnds/lib/libnds9.a(background.o)
                0x020165ec                bgScrollTable
 .data.bgControl
                0x0201660c       0x20 /opt/devkitpro/libnds/lib/libnds9.a(background.o)
                0x0201660c                bgControl
 .data.__malloc_sbrk_base
                0x0201662c        0x4 /opt/devkitpro/devkitARM/bin/../lib/gcc/arm-none-eabi/14.2.0/../../../../arm-none-eabi/lib/thumb/libg.a(libc_a-mallocr.o)
                0x0201662c                __malloc_sbrk_base
 .data.__malloc_trim_threshold
                0x02016630        0x4 /opt/devkitpro/devkitARM/bin/../lib/gcc/arm-none-eabi/14.2.0/../../../../arm-none-eabi/lib/thumb/libg.a(libc_a-mallocr.o)
                0x02016630                __malloc_trim_threshold
 *fill*         0x02016634        0x4 ff
 .data.__malloc_av_
                0x02016638      0x408 /opt/devkitpro/devkitARM/bin/../lib/gcc/arm-none-eabi/14.2.0/../../../../arm-none-eabi/lib/thumb/libg.a(libc_a-mallocr.o)
                0x02016638                __malloc_av_
 .data._impure_ptr
                0x02016a40        0x4 /opt/devkitpro/devkitARM/bin/../lib/gcc/arm-none-eabi/14.2.0/../../../../arm-none-eabi/lib/thumb/libg.a(libc_a-impure.o)
                0x02016a40                _impure_ptr
 *fill*         0x02016a44        0x4 ff
 .data._impure_data
                0x02016a48      0x120 /opt/devkitpro/devkitARM/bin/../lib/gcc/arm-none-eabi/14.2.0/../../../../arm-none-eabi/lib/thumb/libg.a(libc_a-impure.o)
                0x02016a48                _impure_data
 .data.__sglue  0x02016b68        0xc /opt/devkitpro/devkitARM/bin/../lib/gcc/arm-none-eabi/14.2.0/../../../../arm-none-eabi/lib/thumb/libg.a(libc_a-findfp.o)
                0x02016b68                __sglue
 .data.__global_locale
                0x02016b74      0x16c /opt/devkitpro/devkitARM/bin/../lib/gcc/arm-none-eabi/14.2.0/../../../../arm-none-eabi/lib/thumb/libg.a(libc_a-locale.o)
                0x02016b74                __global_locale
 .data.handles  0x02016ce0     0x1000 /opt/devkitpro/devkitARM/bin/../lib/gcc/arm-none-eabi/14.2.0/../../../../arm-none-eabi/lib/thumb/libsysbase.a(libsysbase_libsysbase_a-handle_manager.o)
 .data.__stderr_handle
                0x02017ce0        0xc /opt/devkitpro/devkitARM/bin/../lib/gcc/arm-none-eabi/14.2.0/../../../../arm-none-eabi/lib/thumb/libsysbase.a(libsysbase_libsysbase_a-handle_manager.o)
 .data.__stdout_handle
                0x02017cec        0xc /opt/devkitpro/devkitARM/bin/../lib/gcc/arm-none-eabi/14.2.0/../../../../arm-none-eabi/lib/thumb/libsysbase.a(libsysbase_libsysbase_a-handle_manager.o)
 .data.__stdin_handle
                0x02017cf8        0xc /opt/devkitpro/devkitARM/bin/../lib/gcc/arm-none-eabi/14.2.0/../../../../arm-none-eabi/lib/thumb/libsysbase.a(libsysbase_libsysbase_a-handle_manager.o)
 .data.devoptab_list
                0x02017d04       0x8c /opt/devkitpro/devkitARM/bin/../lib/gcc/arm-none-eabi/14.2.0/../../../../arm-none-eabi/lib/thumb/libsysbase.a(libsysbase_libsysbase_a-iosupport.o)
                0x02017d04                devoptab_list
 EXCLUDE_FILE(*.twl.*) *(.data1)
 EXCLUDE_FILE(*.twl.*) *(.igot.plt)
 .igot.plt      0x02017d90        0x0 /opt/devkitpro/devkitARM/bin/../lib/gcc/arm-none-eabi/14.2.0/thumb/crtbegin.o
                0x02017d90                        . = ALIGN (0x4)

.ARM.extab
 *(.ARM.extab* .gnu.linkonce.armextab.*)

.ARM.exidx      0x02017d90        0x0 load address 0x0201bff0
 *(.ARM.exidx* .gnu.linkonce.armexidx.*)
                [!provide]                        PROVIDE (__exidx_start = ADDR (.ARM.exidx))
                [!provide]                        PROVIDE (__exidx_end = (ADDR (.ARM.exidx) + SIZEOF (.ARM.exidx)))

.eh_frame_hdr
 *(.eh_frame_hdr)
 *(.eh_frame_entry .eh_frame_entry.*)

.eh_frame       0x02017d90        0x4 load address 0x0201bff0
 *(.eh_frame)
 .eh_frame      0x02017d90        0x0 /opt/devkitpro/devkitARM/bin/../lib/gcc/arm-none-eabi/14.2.0/thumb/crtbegin.o
 .eh_frame      0x02017d90        0x4 /opt/devkitpro/devkitARM/bin/../lib/gcc/arm-none-eabi/14.2.0/thumb/crtend.o
 *(.eh_frame.*)

.gcc_except_table
 *(.gcc_except_table .gcc_except_table.*)

.gnu_extab
 *(.gnu_extab*)

.tinfo          0x02017d94        0xc load address 0x0201bff4
                0x02017d94        0x4 LONG 0x2017da8 __tls_start
                0x02017d98        0x4 LONG 0x0 SIZEOF (.main.tls)
                0x02017d9c        0x4 LONG 0x0 SIZEOF (.tdata)
                0x02017d94                        PROVIDE (__tls_info = ADDR (.tinfo))

.preinit_array  0x02017da0        0x0 load address 0x0201c000
                0x02017da0                        PROVIDE (__preinit_array_start = .)
 *(.preinit_array)
                0x02017da0                        PROVIDE (__preinit_array_end = .)

.init_array     0x02017da0        0x4 load address 0x0201c000
                0x02017da0                        PROVIDE (__init_array_start = .)
 *(SORT_BY_INIT_PRIORITY(.init_array.*) SORT_BY_INIT_PRIORITY(.ctors.*))
 *(.init_array .ctors)
 .init_array    0x02017da0        0x4 /opt/devkitpro/devkitARM/bin/../lib/gcc/arm-none-eabi/14.2.0/thumb/crtbegin.o
                0x02017da4                        PROVIDE (__init_array_end = .)

.fini_array     0x02017da4        0x4 load address 0x0201c004
                0x02017da4                        PROVIDE (__fini_array_start = .)
 *(SORT_BY_INIT_PRIORITY(.fini_array.*) SORT_BY_INIT_PRIORITY(.dtors.*))
 *(.fini_array .dtors)
 .fini_array    0x02017da4        0x4 /opt/devkitpro/devkitARM/bin/../lib/gcc/arm-none-eabi/14.2.0/thumb/crtbegin.o
                0x02017da8                        PROVIDE (__fini_array_end = .)
                [!provide]                        PROVIDE (__main_lma = LOADADDR (.main))
                0x02001360                        PROVIDE (__main_start = ADDR (.main))
                0x02017da8                        PROVIDE (__main_end = (ADDR (.fini_array) + SIZEOF (.fini_array)))

.tdata          0x00000000        0x0 load address 0x0201c008
 *(.tdata .tdata.* .gnu.linkonce.td.*)
                0x00000000                        . = ALIGN (0x4)

.tbss           0x00000000        0x0 load address 0x0201c008
 *(.tbss .tbss.* .gnu.linkonce.tb.*)
 *(.tcommon)
                0x00000000                        . = ALIGN (0x4)
                0x00000001                        ASSERT (((ALIGNOF (.tdata) <= 0x8) || (ALIGNOF (.tbss) <= 0x8)), Error: TLS is overaligned (up to 8-byte alignment is supported))
                0x00000001                        ASSERT (((ADDR (.tbss) + SIZEOF (.tbss)) <= (ORIGIN (tls) + LENGTH (tls))), Error: TLS section too large)

.main.tls       0x02017da8        0x0
                0x02017da8                        . = (. + ((ADDR (.tbss) + SIZEOF (.tbss)) - ADDR (.tdata)))
                [!provide]                        PROVIDE (__tls_lma = LOADADDR (.tdata))
                0x02017da8                        PROVIDE (__tls_start = ADDR (.main.tls))
                0x02017da8                        PROVIDE (__tls_end = (ADDR (.main.tls) + SIZEOF (.tdata)))

.main.bss       0x02017dc0    0x123fc
 EXCLUDE_FILE(*.twl.*) *(.dynbss)
 EXCLUDE_FILE(*.twl.*) *(.bss .bss.* .gnu.linkonce.b.*)
 .bss.completed.1
                0x02017dc0        0x1 /opt/devkitpro/devkitARM/bin/../lib/gcc/arm-none-eabi/14.2.0/thumb/crtbegin.o
 *fill*         0x02017dc1        0x3 
 .bss.object.0  0x02017dc4       0x18 /opt/devkitpro/devkitARM/bin/../lib/gcc/arm-none-eabi/14.2.0/thumb/crtbegin.o
 .bss.dhcp_serverip
                0x02017ddc        0x4 /opt/devkitpro/libnds/lib/libdswifi9.a(sgIP_DHCP.o)
                0x02017ddc                dhcp_serverip
 .bss.dhcp_rcvd_dns
                0x02017de0        0xc /opt/devkitpro/libnds/lib/libdswifi9.a(sgIP_DHCP.o)
                0x02017de0                dhcp_rcvd_dns
 .bss.dhcp_rcvd_snmask
                0x02017dec        0x4 /opt/devkitpro/libnds/lib/libdswifi9.a(sgIP_DHCP.o)
                0x02017dec                dhcp_rcvd_snmask
 .bss.dhcp_rcvd_gateway
                0x02017df0        0x4 /opt/devkitpro/libnds/lib/libdswifi9.a(sgIP_DHCP.o)
                0x02017df0                dhcp_rcvd_gateway
 .bss.dhcp_rcvd_ip
                0x02017df4        0x4 /opt/devkitpro/libnds/lib/libdswifi9.a(sgIP_DHCP.o)
                0x02017df4                dhcp_rcvd_ip
 .bss.dhcp_state
                0x02017df8        0x4 /opt/devkitpro/libnds/lib/libdswifi9.a(sgIP_DHCP.o)
                0x02017df8                dhcp_state
 .bss.dhcp_status
                0x02017dfc        0x4 /opt/devkitpro/libnds/lib/libdswifi9.a(sgIP_DHCP.o)
                0x02017dfc                dhcp_status
 .bss.dhcp_requestDNS
                0x02017e00        0x4 /opt/devkitpro/libnds/lib/libdswifi9.a(sgIP_DHCP.o)
                0x02017e00                dhcp_requestDNS
 .bss.dhcp_optionptr
                0x02017e04        0x4 /opt/devkitpro/libnds/lib/libdswifi9.a(sgIP_DHCP.o)
                0x02017e04                dhcp_optionptr
 .bss.dhcp_int  0x02017e08        0x4 /opt/devkitpro/libnds/lib/libdswifi9.a(sgIP_DHCP.o)
                0x02017e08                dhcp_int
 .bss.dhcp_p    0x02017e0c        0x4 /opt/devkitpro/libnds/lib/libdswifi9.a(sgIP_DHCP.o)
                0x02017e0c                dhcp_p
 .bss.dhcp_timelastaction
                0x02017e10        0x4 /opt/devkitpro/libnds/lib/libdswifi9.a(sgIP_DHCP.o)
                0x02017e10                dhcp_timelastaction
 .bss.dhcp_timestart
                0x02017e14        0x4 /opt/devkitpro/libnds/lib/libdswifi9.a(sgIP_DHCP.o)
                0x02017e14                dhcp_timestart
 .bss.dhcp_tid  0x02017e18        0x4 /opt/devkitpro/libnds/lib/libdswifi9.a(sgIP_DHCP.o)
                0x02017e18                dhcp_tid
 .bss.dhcp_hostname
                0x02017e1c       0x40 /opt/devkitpro/libnds/lib/libdswifi9.a(sgIP_DHCP.o)
                0x02017e1c                dhcp_hostname
 .bss.dhcp_socket
                0x02017e5c        0x4 /opt/devkitpro/libnds/lib/libdswifi9.a(sgIP_DHCP.o)
                0x02017e5c                dhcp_socket
 .bss.responsedata
                0x02017e60      0x200 /opt/devkitpro/libnds/lib/libdswifi9.a(sgIP_DNS.o)
                0x02017e60                responsedata
 .bss.querydata
                0x02018060      0x200 /opt/devkitpro/libnds/lib/libdswifi9.a(sgIP_DNS.o)
                0x02018060                querydata
 .bss.dnsrecord_hostent
                0x02018260       0x14 /opt/devkitpro/libnds/lib/libdswifi9.a(sgIP_DNS.o)
                0x02018260                dnsrecord_hostent
 .bss.ipaddr_ip
                0x02018274        0x4 /opt/devkitpro/libnds/lib/libdswifi9.a(sgIP_DNS.o)
                0x02018274                ipaddr_ip
 .bss.ipaddr_alias
                0x02018278      0x100 /opt/devkitpro/libnds/lib/libdswifi9.a(sgIP_DNS.o)
                0x02018278                ipaddr_alias
 .bss.addr_list
                0x02018378       0x14 /opt/devkitpro/libnds/lib/libdswifi9.a(sgIP_DNS.o)
                0x02018378                addr_list
 .bss.alias_list
                0x0201838c       0x14 /opt/devkitpro/libnds/lib/libdswifi9.a(sgIP_DNS.o)
                0x0201838c                alias_list
 .bss.dnsrecord_return
                0x020183a0      0x524 /opt/devkitpro/libnds/lib/libdswifi9.a(sgIP_DNS.o)
                0x020183a0                dnsrecord_return
 *fill*         0x020188c4        0x4 
 .bss.dnsrecords
                0x020188c8     0x5240 /opt/devkitpro/libnds/lib/libdswifi9.a(sgIP_DNS.o)
                0x020188c8                dnsrecords
 .bss.query_time_start
                0x0201db08        0x4 /opt/devkitpro/libnds/lib/libdswifi9.a(sgIP_DNS.o)
                0x0201db08                query_time_start
 .bss.last_id   0x0201db0c        0x4 /opt/devkitpro/libnds/lib/libdswifi9.a(sgIP_DNS.o)
                0x0201db0c                last_id
 .bss.time_count
                0x0201db10        0x4 /opt/devkitpro/libnds/lib/libdswifi9.a(sgIP_DNS.o)
                0x0201db10                time_count
 .bss.dns_sock  0x0201db14        0x4 /opt/devkitpro/libnds/lib/libdswifi9.a(sgIP_DNS.o)
                0x0201db14                dns_sock
 .bss.socketlist
                0x0201db18      0x100 /opt/devkitpro/libnds/lib/libdswifi9.a(sgIP_sockets.o)
                0x0201db18                socketlist
 .bss.initted.0
                0x0201dc18        0x1 /opt/devkitpro/libnds/lib/libdswifi9.a(wfc.o)
 *fill*         0x0201dc19        0x3 
 .bss.s_wfcState
                0x0201dc1c       0x1c /opt/devkitpro/libnds/lib/libdswifi9.a(wfc.o)
 .bss.s_wfcIPThreadStack
                0x0201dc38      0x800 /opt/devkitpro/libnds/lib/libdswifi9.a(wfc.o)
 .bss.s_wfcIPThread
                0x0201e438       0x70 /opt/devkitpro/libnds/lib/libdswifi9.a(wfc.o)
 *fill*         0x0201e4a8       0x18 
 .bss.s_wfcBssDesc
                0x0201e4c0      0x640 /opt/devkitpro/libnds/lib/libdswifi9.a(wfc.o)
 .bss.s_wfcSlots
                0x0201eb00      0xc00 /opt/devkitpro/libnds/lib/libdswifi9.a(wfc.o)
 .bss.count_1000ms
                0x0201f700        0x4 /opt/devkitpro/libnds/lib/libdswifi9.a(sgIP.o)
                0x0201f700                count_1000ms
 .bss.count_100ms
                0x0201f704        0x4 /opt/devkitpro/libnds/lib/libdswifi9.a(sgIP.o)
                0x0201f704                count_100ms
 .bss.sgIP_mutex
                0x0201f708        0x8 /opt/devkitpro/libnds/lib/libdswifi9.a(sgIP.o)
                0x0201f708                sgIP_mutex
 .bss.sgIP_timems
                0x0201f710        0x4 /opt/devkitpro/libnds/lib/libdswifi9.a(sgIP.o)
                0x0201f710                sgIP_timems
 .bss.HWInterfaces
                0x0201f714       0x30 /opt/devkitpro/libnds/lib/libdswifi9.a(sgIP_Hub.o)
                0x0201f714                HWInterfaces
 .bss.ProtocolInterfaces
                0x0201f744        0x8 /opt/devkitpro/libnds/lib/libdswifi9.a(sgIP_Hub.o)
                0x0201f744                ProtocolInterfaces
 .bss.NumProtocolInterfaces
                0x0201f74c        0x4 /opt/devkitpro/libnds/lib/libdswifi9.a(sgIP_Hub.o)
                0x0201f74c                NumProtocolInterfaces
 .bss.NumHWInterfaces
                0x0201f750        0x4 /opt/devkitpro/libnds/lib/libdswifi9.a(sgIP_Hub.o)
                0x0201f750                NumHWInterfaces
 .bss.idnum_count
                0x0201f754        0x4 /opt/devkitpro/libnds/lib/libdswifi9.a(sgIP_IP.o)
                0x0201f754                idnum_count
 .bss.ArpRecords
                0x0201f758      0x400 /opt/devkitpro/libnds/lib/libdswifi9.a(sgIP_ARP.o)
                0x0201f758                ArpRecords
 .bss.numsynlist
                0x0201fb58        0x4 /opt/devkitpro/libnds/lib/libdswifi9.a(sgIP_TCP.o)
                0x0201fb58                numsynlist
 *fill*         0x0201fb5c        0x4 
 .bss.synlist   0x0201fb60      0x800 /opt/devkitpro/libnds/lib/libdswifi9.a(sgIP_TCP.o)
                0x0201fb60                synlist
 .bss.lasttime  0x02020360        0x4 /opt/devkitpro/libnds/lib/libdswifi9.a(sgIP_TCP.o)
                0x02020360                lasttime
 .bss.port_counter
                0x02020364        0x4 /opt/devkitpro/libnds/lib/libdswifi9.a(sgIP_TCP.o)
                0x02020364                port_counter
 .bss.tcprecords
                0x02020368        0x4 /opt/devkitpro/libnds/lib/libdswifi9.a(sgIP_TCP.o)
                0x02020368                tcprecords
 .bss.udpport_counter
                0x0202036c        0x4 /opt/devkitpro/libnds/lib/libdswifi9.a(sgIP_UDP.o)
                0x0202036c                udpport_counter
 .bss.udprecords
                0x02020370        0x4 /opt/devkitpro/libnds/lib/libdswifi9.a(sgIP_UDP.o)
                0x02020370                udprecords
 .bss.currentCopy
                0x02020374       0x5c /opt/devkitpro/libnds/lib/libnds9.a(console.o)
                0x02020374                currentCopy
 .bss.s_keypad  0x020203d0        0x4 /opt/devkitpro/libnds/lib/libnds9.a(keys.o)
 .bss.bgIsTextLut
                0x020203d4        0x8 /opt/devkitpro/libnds/lib/libnds9.a(background.o)
                0x020203d4                bgIsTextLut
 .bss.bgState   0x020203dc      0x140 /opt/devkitpro/libnds/lib/libnds9.a(background.o)
                0x020203dc                bgState
 .bss.s_firstTask
                0x0202051c        0x4 /opt/devkitpro/calico/lib/libcalico_ds9.a(tick.o)
 .bss.s_highTickCount
                0x02020520        0x8 /opt/devkitpro/calico/lib/libcalico_ds9.a(tick.o)
 .bss.s_tickInit
                0x02020528        0x1 /opt/devkitpro/calico/lib/libcalico_ds9.a(tick.o)
 *fill*         0x02020529        0x3 
 .bss.s_sleepThreads
                0x0202052c        0x8 /opt/devkitpro/calico/lib/libcalico_ds9.a(thread_cold.o)
 .bss.s_joinThreads
                0x02020534        0x8 /opt/devkitpro/calico/lib/libcalico_ds9.a(thread_cold.o)
 .bss.s_idleThread
                0x0202053c       0x70 /opt/devkitpro/calico/lib/libcalico_ds9.a(thread_cold.o)
 .bss.s_mainThread
                0x020205ac       0x70 /opt/devkitpro/calico/lib/libcalico_ds9.a(thread_cold.o)
 .bss.s_mailboxRecvQueue
                0x0202061c        0x8 /opt/devkitpro/calico/lib/libcalico_ds9.a(mailbox.o)
 .bss.s_defaultErrno.0
                0x02020624        0x4 /opt/devkitpro/calico/lib/libcalico_ds9.a(newlib_syscalls.o)
 .bss.g_isTwlMode
                0x02020628        0x1 /opt/devkitpro/calico/lib/libcalico_ds9.a(startup.crt0.o)
                0x02020628                g_isTwlMode
 *fill*         0x02020629        0x3 
 .bss.s_pxiChannels
                0x0202062c      0x1f0 /opt/devkitpro/calico/lib/libcalico_ds9.a(pxi.o)
 .bss.s_pxiRecvState
                0x0202081c        0x4 /opt/devkitpro/calico/lib/libcalico_ds9.a(pxi.o)
 .bss.s_pxiRecvQueue
                0x02020820        0x8 /opt/devkitpro/calico/lib/libcalico_ds9.a(pxi.o)
 .bss.s_pxiSendMutex
                0x02020828        0x4 /opt/devkitpro/calico/lib/libcalico_ds9.a(pxi.o)
 *fill*         0x0202082c        0x4 
 .bss.s_pmPxiThreadStack
                0x02020830      0x200 /opt/devkitpro/calico/lib/libcalico_ds9.a(pm.o)
 .bss.s_pmPxiThread
                0x02020a30       0x70 /opt/devkitpro/calico/lib/libcalico_ds9.a(pm.o)
 .bss.s_pmState
                0x02020aa0        0x8 /opt/devkitpro/calico/lib/libcalico_ds9.a(pm.o)
 .bss.initted.0
                0x02020aa8        0x1 /opt/devkitpro/calico/lib/libcalico_ds9.a(wlmgr.o)
 *fill*         0x02020aa9        0x7 
 .bss.s_wlmgrState
                0x02020ab0       0x40 /opt/devkitpro/calico/lib/libcalico_ds9.a(wlmgr.o)
 *fill*         0x02020af0       0x10 
 .bss.s_wlmgrDefaultPacketHeap
                0x02020b00     0x8c80 /opt/devkitpro/calico/lib/libcalico_ds9.a(wlmgr.o)
 .bss.s_wlmgrThreadStack
                0x02029780      0x800 /opt/devkitpro/calico/lib/libcalico_ds9.a(wlmgr.o)
 .bss.s_wlmgrThread
                0x02029f80       0x70 /opt/devkitpro/calico/lib/libcalico_ds9.a(wlmgr.o)
 .bss.__malloc_current_mallinfo
                0x02029ff0       0x28 /opt/devkitpro/devkitARM/bin/../lib/gcc/arm-none-eabi/14.2.0/../../../../arm-none-eabi/lib/thumb/libg.a(libc_a-mallocr.o)
                0x02029ff0                __malloc_current_mallinfo
 .bss.__malloc_max_total_mem
                0x0202a018        0x4 /opt/devkitpro/devkitARM/bin/../lib/gcc/arm-none-eabi/14.2.0/../../../../arm-none-eabi/lib/thumb/libg.a(libc_a-mallocr.o)
                0x0202a018                __malloc_max_total_mem
 .bss.__malloc_max_sbrked_mem
                0x0202a01c        0x4 /opt/devkitpro/devkitARM/bin/../lib/gcc/arm-none-eabi/14.2.0/../../../../arm-none-eabi/lib/thumb/libg.a(libc_a-mallocr.o)
                0x0202a01c                __malloc_max_sbrked_mem
 .bss.__malloc_top_pad
                0x0202a020        0x4 /opt/devkitpro/devkitARM/bin/../lib/gcc/arm-none-eabi/14.2.0/../../../../arm-none-eabi/lib/thumb/libg.a(libc_a-mallocr.o)
                0x0202a020                __malloc_top_pad
 .bss.__malloc_recursive_mutex
                0x0202a024        0xc /opt/devkitpro/devkitARM/bin/../lib/gcc/arm-none-eabi/14.2.0/../../../../arm-none-eabi/lib/thumb/libg.a(libc_a-mlock.o)
 .bss.__sfp_recursive_mutex
                0x0202a030        0xc /opt/devkitpro/devkitARM/bin/../lib/gcc/arm-none-eabi/14.2.0/../../../../arm-none-eabi/lib/thumb/libg.a(libc_a-findfp.o)
 *fill*         0x0202a03c        0x4 
 .bss.__sf      0x0202a040      0x168 /opt/devkitpro/devkitARM/bin/../lib/gcc/arm-none-eabi/14.2.0/../../../../arm-none-eabi/lib/thumb/libg.a(libc_a-findfp.o)
                0x0202a040                __sf
 .bss.__stdio_exit_handler
                0x0202a1a8        0x4 /opt/devkitpro/devkitARM/bin/../lib/gcc/arm-none-eabi/14.2.0/../../../../arm-none-eabi/lib/thumb/libg.a(libc_a-findfp.o)
                0x0202a1a8                __stdio_exit_handler
 .bss.__hndl_lock
                0x0202a1ac        0x4 /opt/devkitpro/devkitARM/bin/../lib/gcc/arm-none-eabi/14.2.0/../../../../arm-none-eabi/lib/thumb/libsysbase.a(libsysbase_libsysbase_a-handle_manager.o)
 .bss.fake_heap_start
                0x0202a1b0        0x4 /opt/devkitpro/devkitARM/bin/../lib/gcc/arm-none-eabi/14.2.0/../../../../arm-none-eabi/lib/thumb/libsysbase.a(libsysbase_libsysbase_a-malloc_vars.o)
                0x0202a1b0                fake_heap_start
 .bss.fake_heap_end
                0x0202a1b4        0x4 /opt/devkitpro/devkitARM/bin/../lib/gcc/arm-none-eabi/14.2.0/../../../../arm-none-eabi/lib/thumb/libsysbase.a(libsysbase_libsysbase_a-malloc_vars.o)
                0x0202a1b4                fake_heap_end
 .bss.heap_start.0
                0x0202a1b8        0x4 /opt/devkitpro/devkitARM/bin/../lib/gcc/arm-none-eabi/14.2.0/../../../../arm-none-eabi/lib/thumb/libsysbase.a(libsysbase_libsysbase_a-sbrk.o)
 EXCLUDE_FILE(*.twl.*) *(COMMON)
                0x0202a1bc                        . = ALIGN (0x4)
                [!provide]                        PROVIDE (__main_bss_start = ADDR (.main.bss))